Component: ARM Compiler 5.06 update 6 (build 750) Tool: armlink [4d35ed]

==============================================================================

Section Cross References

    startup.o(RESET) refers to startup.o(STACK) for StackMem
    startup.o(RESET) refers to entry.o(.ARM.Collect$$$$00000000) for __main
    st7735.o(i.Output_Clear) refers to st7735.o(i.ST7735_FillScreen) for ST7735_FillScreen
    st7735.o(i.Output_Color) refers to st7735.o(i.ST7735_SetTextColor) for ST7735_SetTextColor
    st7735.o(i.Output_Init) refers to st7735.o(i.ST7735_InitR) for ST7735_InitR
    st7735.o(i.Output_Init) refers to st7735.o(i.ST7735_FillScreen) for ST7735_FillScreen
    st7735.o(i.Output_Off) refers to st7735.o(i.Output_Clear) for Output_Clear
    st7735.o(i.Output_On) refers to st7735.o(i.Output_Init) for Output_Init
    st7735.o(i.ST7735_DrawBitmap) refers to st7735.o(i.setAddrWindow) for setAddrWindow
    st7735.o(i.ST7735_DrawBitmap) refers to st7735.o(i.writedata) for writedata
    st7735.o(i.ST7735_DrawBitmap) refers to st7735.o(i.deselect) for deselect
    st7735.o(i.ST7735_DrawBitmap) refers to st7735.o(.data) for _width
    st7735.o(i.ST7735_DrawChar) refers to st7735.o(i.setAddrWindow) for setAddrWindow
    st7735.o(i.ST7735_DrawChar) refers to st7735.o(i.pushColor) for pushColor
    st7735.o(i.ST7735_DrawChar) refers to st7735.o(i.deselect) for deselect
    st7735.o(i.ST7735_DrawChar) refers to st7735.o(.data) for _width
    st7735.o(i.ST7735_DrawChar) refers to st7735.o(.constdata) for Font
    st7735.o(i.ST7735_DrawCharS) refers to st7735.o(i.ST7735_DrawPixel) for ST7735_DrawPixel
    st7735.o(i.ST7735_DrawCharS) refers to st7735.o(i.ST7735_FillRect) for ST7735_FillRect
    st7735.o(i.ST7735_DrawCharS) refers to st7735.o(.data) for _width
    st7735.o(i.ST7735_DrawCharS) refers to st7735.o(.constdata) for Font
    st7735.o(i.ST7735_DrawCircle) refers to st7735.o(i.setAddrWindow) for setAddrWindow
    st7735.o(i.ST7735_DrawCircle) refers to st7735.o(i.writedata) for writedata
    st7735.o(i.ST7735_DrawCircle) refers to st7735.o(i.deselect) for deselect
    st7735.o(i.ST7735_DrawCircle) refers to st7735.o(.data) for _width
    st7735.o(i.ST7735_DrawCircle) refers to st7735.o(.constdata) for circle
    st7735.o(i.ST7735_DrawFastHLine) refers to st7735.o(i.setAddrWindow) for setAddrWindow
    st7735.o(i.ST7735_DrawFastHLine) refers to st7735.o(i.writedata) for writedata
    st7735.o(i.ST7735_DrawFastHLine) refers to st7735.o(i.deselect) for deselect
    st7735.o(i.ST7735_DrawFastHLine) refers to st7735.o(.data) for _width
    st7735.o(i.ST7735_DrawFastVLine) refers to st7735.o(i.setAddrWindow) for setAddrWindow
    st7735.o(i.ST7735_DrawFastVLine) refers to st7735.o(i.writedata) for writedata
    st7735.o(i.ST7735_DrawFastVLine) refers to st7735.o(i.deselect) for deselect
    st7735.o(i.ST7735_DrawFastVLine) refers to st7735.o(.data) for _width
    st7735.o(i.ST7735_DrawPixel) refers to st7735.o(i.setAddrWindow) for setAddrWindow
    st7735.o(i.ST7735_DrawPixel) refers to st7735.o(i.pushColor) for pushColor
    st7735.o(i.ST7735_DrawPixel) refers to st7735.o(i.deselect) for deselect
    st7735.o(i.ST7735_DrawPixel) refers to st7735.o(.data) for _width
    st7735.o(i.ST7735_DrawSmallCircle) refers to st7735.o(i.setAddrWindow) for setAddrWindow
    st7735.o(i.ST7735_DrawSmallCircle) refers to st7735.o(i.writedata) for writedata
    st7735.o(i.ST7735_DrawSmallCircle) refers to st7735.o(i.deselect) for deselect
    st7735.o(i.ST7735_DrawSmallCircle) refers to st7735.o(.data) for _width
    st7735.o(i.ST7735_DrawSmallCircle) refers to st7735.o(.constdata) for smallCircle
    st7735.o(i.ST7735_DrawString) refers to st7735.o(i.ST7735_DrawCharS) for ST7735_DrawCharS
    st7735.o(i.ST7735_FillRect) refers to st7735.o(i.setAddrWindow) for setAddrWindow
    st7735.o(i.ST7735_FillRect) refers to st7735.o(i.writedata) for writedata
    st7735.o(i.ST7735_FillRect) refers to st7735.o(i.deselect) for deselect
    st7735.o(i.ST7735_FillRect) refers to st7735.o(.data) for _width
    st7735.o(i.ST7735_FillScreen) refers to st7735.o(i.ST7735_FillRect) for ST7735_FillRect
    st7735.o(i.ST7735_FillScreen) refers to st7735.o(.data) for _height
    st7735.o(i.ST7735_InitB) refers to st7735.o(i.commonInit) for commonInit
    st7735.o(i.ST7735_InitB) refers to st7735.o(i.ST7735_SetCursor) for ST7735_SetCursor
    st7735.o(i.ST7735_InitB) refers to st7735.o(i.ST7735_FillScreen) for ST7735_FillScreen
    st7735.o(i.ST7735_InitB) refers to st7735.o(.constdata) for Bcmd
    st7735.o(i.ST7735_InitB) refers to st7735.o(.data) for StTextColor
    st7735.o(i.ST7735_InitR) refers to st7735.o(i.commonInit) for commonInit
    st7735.o(i.ST7735_InitR) refers to st7735.o(i.commandList) for commandList
    st7735.o(i.ST7735_InitR) refers to st7735.o(i.writecommand) for writecommand
    st7735.o(i.ST7735_InitR) refers to st7735.o(i.writedata) for writedata
    st7735.o(i.ST7735_InitR) refers to st7735.o(i.ST7735_SetCursor) for ST7735_SetCursor
    st7735.o(i.ST7735_InitR) refers to st7735.o(i.ST7735_FillScreen) for ST7735_FillScreen
    st7735.o(i.ST7735_InitR) refers to st7735.o(.constdata) for Rcmd1
    st7735.o(i.ST7735_InitR) refers to st7735.o(.data) for ColStart
    st7735.o(i.ST7735_InvertDisplay) refers to st7735.o(i.writecommand) for writecommand
    st7735.o(i.ST7735_InvertDisplay) refers to st7735.o(i.deselect) for deselect
    st7735.o(i.ST7735_Line) refers to st7735.o(i.plotLineX) for plotLineX
    st7735.o(i.ST7735_Line) refers to st7735.o(i.plotLineY) for plotLineY
    st7735.o(i.ST7735_OutChar) refers to st7735.o(i.ST7735_DrawString) for ST7735_DrawString
    st7735.o(i.ST7735_OutChar) refers to st7735.o(i.ST7735_DrawCharS) for ST7735_DrawCharS
    st7735.o(i.ST7735_OutChar) refers to st7735.o(.data) for StY
    st7735.o(i.ST7735_OutString) refers to st7735.o(i.ST7735_OutChar) for ST7735_OutChar
    st7735.o(i.ST7735_OutUDec) refers to st7735.o(i.fillmessage) for fillmessage
    st7735.o(i.ST7735_OutUDec) refers to st7735.o(i.ST7735_DrawString) for ST7735_DrawString
    st7735.o(i.ST7735_OutUDec) refers to st7735.o(i.ST7735_DrawCharS) for ST7735_DrawCharS
    st7735.o(i.ST7735_OutUDec) refers to st7735.o(.data) for Messageindex
    st7735.o(i.ST7735_OutUDec) refers to st7735.o(.bss) for Message
    st7735.o(i.ST7735_OutUDec4) refers to st7735.o(i.fillmessage4) for fillmessage4
    st7735.o(i.ST7735_OutUDec4) refers to st7735.o(i.ST7735_DrawString) for ST7735_DrawString
    st7735.o(i.ST7735_OutUDec4) refers to st7735.o(i.ST7735_DrawCharS) for ST7735_DrawCharS
    st7735.o(i.ST7735_OutUDec4) refers to st7735.o(.data) for Messageindex
    st7735.o(i.ST7735_OutUDec4) refers to st7735.o(.bss) for Message
    st7735.o(i.ST7735_OutUDec5) refers to st7735.o(i.fillmessage5) for fillmessage5
    st7735.o(i.ST7735_OutUDec5) refers to st7735.o(i.ST7735_DrawString) for ST7735_DrawString
    st7735.o(i.ST7735_OutUDec5) refers to st7735.o(i.ST7735_DrawCharS) for ST7735_DrawCharS
    st7735.o(i.ST7735_OutUDec5) refers to st7735.o(.data) for Messageindex
    st7735.o(i.ST7735_OutUDec5) refers to st7735.o(.bss) for Message
    st7735.o(i.ST7735_PlotBar) refers to st7735.o(i.ST7735_DrawFastVLine) for ST7735_DrawFastVLine
    st7735.o(i.ST7735_PlotBar) refers to st7735.o(.data) for Ymin
    st7735.o(i.ST7735_PlotClear) refers to st7735.o(i.ST7735_Color565) for ST7735_Color565
    st7735.o(i.ST7735_PlotClear) refers to st7735.o(i.ST7735_FillRect) for ST7735_FillRect
    st7735.o(i.ST7735_PlotClear) refers to st7735.o(.data) for Ymax
    st7735.o(i.ST7735_PlotLine) refers to st7735.o(i.ST7735_DrawPixel) for ST7735_DrawPixel
    st7735.o(i.ST7735_PlotLine) refers to st7735.o(.data) for Ymin
    st7735.o(i.ST7735_PlotNext) refers to st7735.o(.data) for X
    st7735.o(i.ST7735_PlotNextErase) refers to st7735.o(i.ST7735_Color565) for ST7735_Color565
    st7735.o(i.ST7735_PlotNextErase) refers to st7735.o(i.ST7735_DrawFastVLine) for ST7735_DrawFastVLine
    st7735.o(i.ST7735_PlotNextErase) refers to st7735.o(.data) for X
    st7735.o(i.ST7735_PlotPoint) refers to st7735.o(i.ST7735_DrawPixel) for ST7735_DrawPixel
    st7735.o(i.ST7735_PlotPoint) refers to st7735.o(.data) for Ymin
    st7735.o(i.ST7735_PlotPoints) refers to st7735.o(i.ST7735_DrawPixel) for ST7735_DrawPixel
    st7735.o(i.ST7735_PlotPoints) refers to st7735.o(.data) for Ymin
    st7735.o(i.ST7735_PlotdBfs) refers to st7735.o(i.ST7735_DrawFastVLine) for ST7735_DrawFastVLine
    st7735.o(i.ST7735_PlotdBfs) refers to st7735.o(.constdata) for dBfs
    st7735.o(i.ST7735_PlotdBfs) refers to st7735.o(.data) for X
    st7735.o(i.ST7735_SetCursor) refers to st7735.o(.data) for StX
    st7735.o(i.ST7735_SetRotation) refers to st7735.o(i.writecommand) for writecommand
    st7735.o(i.ST7735_SetRotation) refers to st7735.o(i.writedata) for writedata
    st7735.o(i.ST7735_SetRotation) refers to st7735.o(i.deselect) for deselect
    st7735.o(i.ST7735_SetRotation) refers to st7735.o(.data) for Rotation
    st7735.o(i.ST7735_SetTextColor) refers to st7735.o(.data) for StTextColor
    st7735.o(i.ST7735_SetX) refers to st7735.o(.data) for X
    st7735.o(i.ST7735_XYplot) refers to st7735.o(i.ST7735_DrawPixel) for ST7735_DrawPixel
    st7735.o(i.ST7735_XYplot) refers to st7735.o(.data) for Xmin
    st7735.o(i.ST7735_XYplotInit) refers to st7735.o(i.ST7735_FillScreen) for ST7735_FillScreen
    st7735.o(i.ST7735_XYplotInit) refers to st7735.o(i.ST7735_FillRect) for ST7735_FillRect
    st7735.o(i.ST7735_XYplotInit) refers to st7735.o(i.ST7735_SetCursor) for ST7735_SetCursor
    st7735.o(i.ST7735_XYplotInit) refers to st7735.o(i.ST7735_OutString) for ST7735_OutString
    st7735.o(i.ST7735_XYplotInit) refers to st7735.o(.data) for Xmin
    st7735.o(i.ST7735_sDecOut2) refers to st7735.o(i.ST7735_OutString) for ST7735_OutString
    st7735.o(i.ST7735_sDecOut2) refers to st7735.o(i.ST7735_OutUDec) for ST7735_OutUDec
    st7735.o(i.ST7735_uBinOut6) refers to st7735.o(i.ST7735_OutString) for ST7735_OutString
    st7735.o(i.ST7735_uBinOut6) refers to st7735.o(i.ST7735_OutUDec) for ST7735_OutUDec
    st7735.o(i.commandList) refers to st7735.o(i.writecommand) for writecommand
    st7735.o(i.commandList) refers to st7735.o(i.writedata) for writedata
    st7735.o(i.commandList) refers to st7735.o(i.Delay1ms) for Delay1ms
    st7735.o(i.commonInit) refers to st7735.o(i.Delay1ms) for Delay1ms
    st7735.o(i.commonInit) refers to st7735.o(i.commandList) for commandList
    st7735.o(i.commonInit) refers to st7735.o(.data) for RowStart
    st7735.o(i.fillmessage) refers to st7735.o(.bss) for Message
    st7735.o(i.fillmessage) refers to st7735.o(.data) for Messageindex
    st7735.o(i.fillmessage4) refers to st7735.o(i.fillmessage) for fillmessage
    st7735.o(i.fillmessage4) refers to st7735.o(.data) for Messageindex
    st7735.o(i.fillmessage4) refers to st7735.o(.bss) for Message
    st7735.o(i.fillmessage5) refers to st7735.o(i.fillmessage) for fillmessage
    st7735.o(i.fillmessage5) refers to st7735.o(.data) for Messageindex
    st7735.o(i.fillmessage5) refers to st7735.o(.bss) for Message
    st7735.o(i.fputc) refers to st7735.o(i.ST7735_OutChar) for ST7735_OutChar
    st7735.o(i.plotLineX) refers to st7735.o(i.ST7735_DrawPixel) for ST7735_DrawPixel
    st7735.o(i.plotLineY) refers to st7735.o(i.ST7735_DrawPixel) for ST7735_DrawPixel
    st7735.o(i.pushColor) refers to st7735.o(i.writedata) for writedata
    st7735.o(i.setAddrWindow) refers to st7735.o(i.writecommand) for writecommand
    st7735.o(i.setAddrWindow) refers to st7735.o(i.writedata) for writedata
    st7735.o(i.setAddrWindow) refers to st7735.o(.data) for ColStart
    st7735_portd.o(i.Output_Clear_PortD) refers to st7735_portd.o(i.ST7735_FillScreen_PortD) for ST7735_FillScreen_PortD
    st7735_portd.o(i.Output_Color_PortD) refers to st7735_portd.o(i.ST7735_SetTextColor_PortD) for ST7735_SetTextColor_PortD
    st7735_portd.o(i.Output_Init_PortD) refers to st7735_portd.o(i.ST7735_InitR_PortD) for ST7735_InitR_PortD
    st7735_portd.o(i.Output_Init_PortD) refers to st7735_portd.o(i.ST7735_FillScreen_PortD) for ST7735_FillScreen_PortD
    st7735_portd.o(i.Output_Off_PortD) refers to st7735_portd.o(i.Output_Clear_PortD) for Output_Clear_PortD
    st7735_portd.o(i.Output_On_PortD) refers to st7735_portd.o(i.Output_Init_PortD) for Output_Init_PortD
    st7735_portd.o(i.ST7735_DrawBitmap_PortD) refers to st7735_portd.o(i.setAddrWindow) for setAddrWindow
    st7735_portd.o(i.ST7735_DrawBitmap_PortD) refers to st7735_portd.o(i.writedata) for writedata
    st7735_portd.o(i.ST7735_DrawBitmap_PortD) refers to st7735_portd.o(.data) for _width
    st7735_portd.o(i.ST7735_DrawCharS_PortD) refers to st7735_portd.o(i.ST7735_DrawPixel_PortD) for ST7735_DrawPixel_PortD
    st7735_portd.o(i.ST7735_DrawCharS_PortD) refers to st7735_portd.o(i.ST7735_FillRect_PortD) for ST7735_FillRect_PortD
    st7735_portd.o(i.ST7735_DrawCharS_PortD) refers to st7735_portd.o(.data) for _width
    st7735_portd.o(i.ST7735_DrawCharS_PortD) refers to st7735_portd.o(.constdata) for Font
    st7735_portd.o(i.ST7735_DrawChar_PortD) refers to st7735_portd.o(i.setAddrWindow) for setAddrWindow
    st7735_portd.o(i.ST7735_DrawChar_PortD) refers to st7735_portd.o(i.pushColor) for pushColor
    st7735_portd.o(i.ST7735_DrawChar_PortD) refers to st7735_portd.o(.data) for _width
    st7735_portd.o(i.ST7735_DrawChar_PortD) refers to st7735_portd.o(.constdata) for Font
    st7735_portd.o(i.ST7735_DrawFastHLine_PortD) refers to st7735_portd.o(i.setAddrWindow) for setAddrWindow
    st7735_portd.o(i.ST7735_DrawFastHLine_PortD) refers to st7735_portd.o(i.writedata) for writedata
    st7735_portd.o(i.ST7735_DrawFastHLine_PortD) refers to st7735_portd.o(.data) for _width
    st7735_portd.o(i.ST7735_DrawFastVLine_PortD) refers to st7735_portd.o(i.setAddrWindow) for setAddrWindow
    st7735_portd.o(i.ST7735_DrawFastVLine_PortD) refers to st7735_portd.o(i.writedata) for writedata
    st7735_portd.o(i.ST7735_DrawFastVLine_PortD) refers to st7735_portd.o(.data) for _width
    st7735_portd.o(i.ST7735_DrawPixel_PortD) refers to st7735_portd.o(i.setAddrWindow) for setAddrWindow
    st7735_portd.o(i.ST7735_DrawPixel_PortD) refers to st7735_portd.o(i.pushColor) for pushColor
    st7735_portd.o(i.ST7735_DrawPixel_PortD) refers to st7735_portd.o(.data) for _width
    st7735_portd.o(i.ST7735_DrawString_PortD) refers to st7735_portd.o(i.ST7735_DrawCharS_PortD) for ST7735_DrawCharS_PortD
    st7735_portd.o(i.ST7735_FillRect_PortD) refers to st7735_portd.o(i.setAddrWindow) for setAddrWindow
    st7735_portd.o(i.ST7735_FillRect_PortD) refers to st7735_portd.o(i.writedata) for writedata
    st7735_portd.o(i.ST7735_FillRect_PortD) refers to st7735_portd.o(.data) for _width
    st7735_portd.o(i.ST7735_FillScreen_PortD) refers to st7735_portd.o(i.ST7735_FillRect_PortD) for ST7735_FillRect_PortD
    st7735_portd.o(i.ST7735_FillScreen_PortD) refers to st7735_portd.o(.data) for _height
    st7735_portd.o(i.ST7735_InitB_PortD) refers to st7735_portd.o(i.commonInit) for commonInit
    st7735_portd.o(i.ST7735_InitB_PortD) refers to st7735_portd.o(i.ST7735_SetCursor_PortD) for ST7735_SetCursor_PortD
    st7735_portd.o(i.ST7735_InitB_PortD) refers to st7735_portd.o(i.ST7735_FillScreen_PortD) for ST7735_FillScreen_PortD
    st7735_portd.o(i.ST7735_InitB_PortD) refers to st7735_portd.o(.constdata) for Bcmd
    st7735_portd.o(i.ST7735_InitB_PortD) refers to st7735_portd.o(.data) for StTextColor_PortD
    st7735_portd.o(i.ST7735_InitR_PortD) refers to st7735_portd.o(i.commonInit) for commonInit
    st7735_portd.o(i.ST7735_InitR_PortD) refers to st7735_portd.o(i.commandList) for commandList
    st7735_portd.o(i.ST7735_InitR_PortD) refers to st7735_portd.o(i.writecommand) for writecommand
    st7735_portd.o(i.ST7735_InitR_PortD) refers to st7735_portd.o(i.writedata) for writedata
    st7735_portd.o(i.ST7735_InitR_PortD) refers to st7735_portd.o(i.ST7735_SetCursor_PortD) for ST7735_SetCursor_PortD
    st7735_portd.o(i.ST7735_InitR_PortD) refers to st7735_portd.o(i.ST7735_FillScreen_PortD) for ST7735_FillScreen_PortD
    st7735_portd.o(i.ST7735_InitR_PortD) refers to st7735_portd.o(.constdata) for Rcmd1
    st7735_portd.o(i.ST7735_InitR_PortD) refers to st7735_portd.o(.data) for ColStart
    st7735_portd.o(i.ST7735_InvertDisplay_PortD) refers to st7735_portd.o(i.writecommand) for writecommand
    st7735_portd.o(i.ST7735_Line_PortD) refers to st7735_portd.o(i.plotLineX_PortD) for plotLineX_PortD
    st7735_portd.o(i.ST7735_Line_PortD) refers to st7735_portd.o(i.plotLineY_PortD) for plotLineY_PortD
    st7735_portd.o(i.ST7735_OutChar_PortD) refers to st7735_portd.o(i.ST7735_DrawString_PortD) for ST7735_DrawString_PortD
    st7735_portd.o(i.ST7735_OutChar_PortD) refers to st7735_portd.o(i.ST7735_DrawCharS_PortD) for ST7735_DrawCharS_PortD
    st7735_portd.o(i.ST7735_OutChar_PortD) refers to st7735_portd.o(.data) for StY_PortD
    st7735_portd.o(i.ST7735_OutString_PortD) refers to st7735_portd.o(i.ST7735_OutChar_PortD) for ST7735_OutChar_PortD
    st7735_portd.o(i.ST7735_OutUDec_PortD) refers to st7735_portd.o(i.fillmessage_PortD) for fillmessage_PortD
    st7735_portd.o(i.ST7735_OutUDec_PortD) refers to st7735_portd.o(i.ST7735_DrawString_PortD) for ST7735_DrawString_PortD
    st7735_portd.o(i.ST7735_OutUDec_PortD) refers to st7735_portd.o(i.ST7735_DrawCharS_PortD) for ST7735_DrawCharS_PortD
    st7735_portd.o(i.ST7735_OutUDec_PortD) refers to st7735_portd.o(.data) for Messageindex_PortD
    st7735_portd.o(i.ST7735_OutUDec_PortD) refers to st7735_portd.o(.bss) for Message_PortD
    st7735_portd.o(i.ST7735_PlotBar_PortD) refers to st7735_portd.o(i.ST7735_DrawFastVLine_PortD) for ST7735_DrawFastVLine_PortD
    st7735_portd.o(i.ST7735_PlotBar_PortD) refers to st7735_portd.o(.data) for Ymin_PortD
    st7735_portd.o(i.ST7735_PlotClear_PortD) refers to st7735_portd.o(i.ST7735_Color565_PortD) for ST7735_Color565_PortD
    st7735_portd.o(i.ST7735_PlotClear_PortD) refers to st7735_portd.o(i.ST7735_FillRect_PortD) for ST7735_FillRect_PortD
    st7735_portd.o(i.ST7735_PlotClear_PortD) refers to st7735_portd.o(.data) for Ymax_PortD
    st7735_portd.o(i.ST7735_PlotLine_PortD) refers to st7735_portd.o(i.ST7735_DrawPixel_PortD) for ST7735_DrawPixel_PortD
    st7735_portd.o(i.ST7735_PlotLine_PortD) refers to st7735_portd.o(.data) for Ymin_PortD
    st7735_portd.o(i.ST7735_PlotNextErase_PortD) refers to st7735_portd.o(i.ST7735_Color565_PortD) for ST7735_Color565_PortD
    st7735_portd.o(i.ST7735_PlotNextErase_PortD) refers to st7735_portd.o(i.ST7735_DrawFastVLine_PortD) for ST7735_DrawFastVLine_PortD
    st7735_portd.o(i.ST7735_PlotNextErase_PortD) refers to st7735_portd.o(.data) for X_PortD
    st7735_portd.o(i.ST7735_PlotNext_PortD) refers to st7735_portd.o(.data) for X_PortD
    st7735_portd.o(i.ST7735_PlotPoint_PortD) refers to st7735_portd.o(i.ST7735_DrawPixel_PortD) for ST7735_DrawPixel_PortD
    st7735_portd.o(i.ST7735_PlotPoint_PortD) refers to st7735_portd.o(.data) for Ymin_PortD
    st7735_portd.o(i.ST7735_PlotPoints_PortD) refers to st7735_portd.o(i.ST7735_DrawPixel_PortD) for ST7735_DrawPixel_PortD
    st7735_portd.o(i.ST7735_PlotPoints_PortD) refers to st7735_portd.o(.data) for Ymin_PortD
    st7735_portd.o(i.ST7735_PlotdBfs_PortD) refers to st7735_portd.o(i.ST7735_DrawFastVLine_PortD) for ST7735_DrawFastVLine_PortD
    st7735_portd.o(i.ST7735_PlotdBfs_PortD) refers to st7735_portd.o(.constdata) for dBfs_PortD
    st7735_portd.o(i.ST7735_PlotdBfs_PortD) refers to st7735_portd.o(.data) for X_PortD
    st7735_portd.o(i.ST7735_SetCursor_PortD) refers to st7735_portd.o(.data) for StX_PortD
    st7735_portd.o(i.ST7735_SetRotation_PortD) refers to st7735_portd.o(i.writecommand) for writecommand
    st7735_portd.o(i.ST7735_SetRotation_PortD) refers to st7735_portd.o(i.writedata) for writedata
    st7735_portd.o(i.ST7735_SetRotation_PortD) refers to st7735_portd.o(.data) for Rotation
    st7735_portd.o(i.ST7735_SetTextColor_PortD) refers to st7735_portd.o(.data) for StTextColor_PortD
    st7735_portd.o(i.ST7735_SetX_PortD) refers to st7735_portd.o(.data) for X_PortD
    st7735_portd.o(i.ST7735_sDecOut2_PortD) refers to st7735_portd.o(i.ST7735_OutString_PortD) for ST7735_OutString_PortD
    st7735_portd.o(i.ST7735_sDecOut2_PortD) refers to st7735_portd.o(i.ST7735_OutUDec_PortD) for ST7735_OutUDec_PortD
    st7735_portd.o(i.ST7735_uBinOut6_PortD) refers to st7735_portd.o(i.ST7735_OutString_PortD) for ST7735_OutString_PortD
    st7735_portd.o(i.ST7735_uBinOut6_PortD) refers to st7735_portd.o(i.ST7735_OutUDec_PortD) for ST7735_OutUDec_PortD
    st7735_portd.o(i.commandList) refers to st7735_portd.o(i.writecommand) for writecommand
    st7735_portd.o(i.commandList) refers to st7735_portd.o(i.writedata) for writedata
    st7735_portd.o(i.commandList) refers to st7735_portd.o(i.Delay1ms_PortD) for Delay1ms_PortD
    st7735_portd.o(i.commonInit) refers to st7735_portd.o(i.Delay1ms_PortD) for Delay1ms_PortD
    st7735_portd.o(i.commonInit) refers to st7735_portd.o(i.commandList) for commandList
    st7735_portd.o(i.commonInit) refers to st7735_portd.o(.data) for RowStart
    st7735_portd.o(i.fillmessage_PortD) refers to st7735_portd.o(.bss) for Message_PortD
    st7735_portd.o(i.fillmessage_PortD) refers to st7735_portd.o(.data) for Messageindex_PortD
    st7735_portd.o(i.fputc_PortD) refers to st7735_portd.o(i.ST7735_OutChar_PortD) for ST7735_OutChar_PortD
    st7735_portd.o(i.plotLineX_PortD) refers to st7735_portd.o(i.ST7735_DrawPixel_PortD) for ST7735_DrawPixel_PortD
    st7735_portd.o(i.plotLineY_PortD) refers to st7735_portd.o(i.ST7735_DrawPixel_PortD) for ST7735_DrawPixel_PortD
    st7735_portd.o(i.pushColor) refers to st7735_portd.o(i.writedata) for writedata
    st7735_portd.o(i.setAddrWindow) refers to st7735_portd.o(i.writecommand) for writecommand
    st7735_portd.o(i.setAddrWindow) refers to st7735_portd.o(i.writedata) for writedata
    st7735_portd.o(i.setAddrWindow) refers to st7735_portd.o(.data) for ColStart
    launchpad.o(i.LaunchPad_WaitForRelease) refers to launchpad.o(i.DelayMs) for DelayMs
    launchpad.o(i.LaunchPad_WaitForTouch) refers to launchpad.o(i.DelayMs) for DelayMs
    cortexm.o(i.Clock_Delay1ms) refers to cortexm.o(.emb_text) for Clock_Delay
    lab1.o(i.Pause) refers to lab1.o(i.DelayWait10ms) for DelayWait10ms
    lab1.o(i.main) refers to pll.o(i.PLL_Init) for PLL_Init
    lab1.o(i.main) refers to lab1.o(i.PortF_Init) for PortF_Init
    lab1.o(i.main) refers to st7735.o(i.ST7735_InitR) for ST7735_InitR
    lab1.o(i.main) refers to st7735.o(i.ST7735_FillScreen) for ST7735_FillScreen
    lab1.o(i.main) refers to st7735.o(i.ST7735_SetCursor) for ST7735_SetCursor
    lab1.o(i.main) refers to printfb.o(i.__0printf$bare) for __2printf
    lab1.o(i.main) refers to st7735.o(i.ST7735_sDecOut2) for ST7735_sDecOut2
    lab1.o(i.main) refers to st7735.o(i.ST7735_OutString) for ST7735_OutString
    lab1.o(i.main) refers to lab1.o(i.Pause) for Pause
    lab1.o(i.main) refers to st7735.o(i.ST7735_uBinOut6) for ST7735_uBinOut6
    lab1.o(i.main) refers to st7735.o(i.ST7735_Color565) for ST7735_Color565
    lab1.o(i.main) refers to st7735.o(i.ST7735_XYplotInit) for ST7735_XYplotInit
    lab1.o(i.main) refers to st7735.o(i.ST7735_XYplot) for ST7735_XYplot
    lab1.o(i.main) refers to lab1.o(.constdata) for outTests1
    lab1.o(i.main4) refers to lab1.o(i.PortF_Init) for PortF_Init
    lab1.o(i.main4) refers to lab1.o(i.DelayWait10ms) for DelayWait10ms
    lab1.o(i.main5) refers to lab1.o(i.PortF_Init) for PortF_Init
    lab1.o(i.main5) refers to lab1.o(i.DelayWait10ms) for DelayWait10ms
    entry.o(.ARM.Collect$$$$00000000) refers (Special) to entry10a.o(.ARM.Collect$$$$0000000D) for __rt_final_cpp
    entry.o(.ARM.Collect$$$$00000000) refers (Special) to entry11a.o(.ARM.Collect$$$$0000000F) for __rt_final_exit
    entry.o(.ARM.Collect$$$$00000000) refers (Special) to entry7b.o(.ARM.Collect$$$$00000008) for _main_clock
    entry.o(.ARM.Collect$$$$00000000) refers (Special) to entry8b.o(.ARM.Collect$$$$0000000A) for _main_cpp_init
    entry.o(.ARM.Collect$$$$00000000) refers (Special) to entry9a.o(.ARM.Collect$$$$0000000B) for _main_init
    entry.o(.ARM.Collect$$$$00000000) refers (Special) to entry5.o(.ARM.Collect$$$$00000004) for _main_scatterload
    entry.o(.ARM.Collect$$$$00000000) refers (Special) to entry2.o(.ARM.Collect$$$$00000001) for _main_stk
    printfb.o(i.__0fprintf$bare) refers to printfb.o(i._printf_core) for _printf_core
    printfb.o(i.__0fprintf$bare) refers to st7735.o(i.fputc) for fputc
    printfb.o(i.__0printf$bare) refers to printfb.o(i._printf_core) for _printf_core
    printfb.o(i.__0printf$bare) refers to st7735.o(i.fputc) for fputc
    printfb.o(i.__0printf$bare) refers to stdout.o(.data) for __stdout
    printfb.o(i.__0snprintf$bare) refers to printfb.o(i._printf_core) for _printf_core
    printfb.o(i.__0snprintf$bare) refers to printfb.o(i._snputc) for _snputc
    printfb.o(i.__0sprintf$bare) refers to printfb.o(i._printf_core) for _printf_core
    printfb.o(i.__0sprintf$bare) refers to printfb.o(i._sputc) for _sputc
    printfb.o(i.__0vfprintf$bare) refers to printfb.o(i._printf_core) for _printf_core
    printfb.o(i.__0vfprintf$bare) refers to st7735.o(i.fputc) for fputc
    printfb.o(i.__0vprintf$bare) refers to printfb.o(i._printf_core) for _printf_core
    printfb.o(i.__0vprintf$bare) refers to st7735.o(i.fputc) for fputc
    printfb.o(i.__0vprintf$bare) refers to stdout.o(.data) for __stdout
    printfb.o(i.__0vsnprintf$bare) refers to printfb.o(i._printf_core) for _printf_core
    printfb.o(i.__0vsnprintf$bare) refers to printfb.o(i._snputc) for _snputc
    printfb.o(i.__0vsprintf$bare) refers to printfb.o(i._printf_core) for _printf_core
    printfb.o(i.__0vsprintf$bare) refers to printfb.o(i._sputc) for _sputc
    printf0.o(i.__0fprintf$0) refers to printf0.o(i._printf_core) for _printf_core
    printf0.o(i.__0fprintf$0) refers to st7735.o(i.fputc) for fputc
    printf0.o(i.__0printf$0) refers to printf0.o(i._printf_core) for _printf_core
    printf0.o(i.__0printf$0) refers to st7735.o(i.fputc) for fputc
    printf0.o(i.__0printf$0) refers to stdout.o(.data) for __stdout
    printf0.o(i.__0snprintf$0) refers to printf0.o(i._printf_core) for _printf_core
    printf0.o(i.__0snprintf$0) refers to printf0.o(i._snputc) for _snputc
    printf0.o(i.__0sprintf$0) refers to printf0.o(i._printf_core) for _printf_core
    printf0.o(i.__0sprintf$0) refers to printf0.o(i._sputc) for _sputc
    printf0.o(i.__0vfprintf$0) refers to printf0.o(i._printf_core) for _printf_core
    printf0.o(i.__0vfprintf$0) refers to st7735.o(i.fputc) for fputc
    printf0.o(i.__0vprintf$0) refers to printf0.o(i._printf_core) for _printf_core
    printf0.o(i.__0vprintf$0) refers to st7735.o(i.fputc) for fputc
    printf0.o(i.__0vprintf$0) refers to stdout.o(.data) for __stdout
    printf0.o(i.__0vsnprintf$0) refers to printf0.o(i._printf_core) for _printf_core
    printf0.o(i.__0vsnprintf$0) refers to printf0.o(i._snputc) for _snputc
    printf0.o(i.__0vsprintf$0) refers to printf0.o(i._printf_core) for _printf_core
    printf0.o(i.__0vsprintf$0) refers to printf0.o(i._sputc) for _sputc
    printf1.o(i.__0fprintf$1) refers to printf1.o(i._printf_core) for _printf_core
    printf1.o(i.__0fprintf$1) refers to st7735.o(i.fputc) for fputc
    printf1.o(i.__0printf$1) refers to printf1.o(i._printf_core) for _printf_core
    printf1.o(i.__0printf$1) refers to st7735.o(i.fputc) for fputc
    printf1.o(i.__0printf$1) refers to stdout.o(.data) for __stdout
    printf1.o(i.__0snprintf$1) refers to printf1.o(i._printf_core) for _printf_core
    printf1.o(i.__0snprintf$1) refers to printf1.o(i._snputc) for _snputc
    printf1.o(i.__0sprintf$1) refers to printf1.o(i._printf_core) for _printf_core
    printf1.o(i.__0sprintf$1) refers to printf1.o(i._sputc) for _sputc
    printf1.o(i.__0vfprintf$1) refers to printf1.o(i._printf_core) for _printf_core
    printf1.o(i.__0vfprintf$1) refers to st7735.o(i.fputc) for fputc
    printf1.o(i.__0vprintf$1) refers to printf1.o(i._printf_core) for _printf_core
    printf1.o(i.__0vprintf$1) refers to st7735.o(i.fputc) for fputc
    printf1.o(i.__0vprintf$1) refers to stdout.o(.data) for __stdout
    printf1.o(i.__0vsnprintf$1) refers to printf1.o(i._printf_core) for _printf_core
    printf1.o(i.__0vsnprintf$1) refers to printf1.o(i._snputc) for _snputc
    printf1.o(i.__0vsprintf$1) refers to printf1.o(i._printf_core) for _printf_core
    printf1.o(i.__0vsprintf$1) refers to printf1.o(i._sputc) for _sputc
    printf1.o(i._printf_core) refers to uidiv.o(.text) for __aeabi_uidivmod
    printf2.o(i.__0fprintf$2) refers to printf2.o(i._printf_core) for _printf_core
    printf2.o(i.__0fprintf$2) refers to st7735.o(i.fputc) for fputc
    printf2.o(i.__0printf$2) refers to printf2.o(i._printf_core) for _printf_core
    printf2.o(i.__0printf$2) refers to st7735.o(i.fputc) for fputc
    printf2.o(i.__0printf$2) refers to stdout.o(.data) for __stdout
    printf2.o(i.__0snprintf$2) refers to printf2.o(i._printf_core) for _printf_core
    printf2.o(i.__0snprintf$2) refers to printf2.o(i._snputc) for _snputc
    printf2.o(i.__0sprintf$2) refers to printf2.o(i._printf_core) for _printf_core
    printf2.o(i.__0sprintf$2) refers to printf2.o(i._sputc) for _sputc
    printf2.o(i.__0vfprintf$2) refers to printf2.o(i._printf_core) for _printf_core
    printf2.o(i.__0vfprintf$2) refers to st7735.o(i.fputc) for fputc
    printf2.o(i.__0vprintf$2) refers to printf2.o(i._printf_core) for _printf_core
    printf2.o(i.__0vprintf$2) refers to st7735.o(i.fputc) for fputc
    printf2.o(i.__0vprintf$2) refers to stdout.o(.data) for __stdout
    printf2.o(i.__0vsnprintf$2) refers to printf2.o(i._printf_core) for _printf_core
    printf2.o(i.__0vsnprintf$2) refers to printf2.o(i._snputc) for _snputc
    printf2.o(i.__0vsprintf$2) refers to printf2.o(i._printf_core) for _printf_core
    printf2.o(i.__0vsprintf$2) refers to printf2.o(i._sputc) for _sputc
    printf3.o(i.__0fprintf$3) refers to printf3.o(i._printf_core) for _printf_core
    printf3.o(i.__0fprintf$3) refers to st7735.o(i.fputc) for fputc
    printf3.o(i.__0printf$3) refers to printf3.o(i._printf_core) for _printf_core
    printf3.o(i.__0printf$3) refers to st7735.o(i.fputc) for fputc
    printf3.o(i.__0printf$3) refers to stdout.o(.data) for __stdout
    printf3.o(i.__0snprintf$3) refers to printf3.o(i._printf_core) for _printf_core
    printf3.o(i.__0snprintf$3) refers to printf3.o(i._snputc) for _snputc
    printf3.o(i.__0sprintf$3) refers to printf3.o(i._printf_core) for _printf_core
    printf3.o(i.__0sprintf$3) refers to printf3.o(i._sputc) for _sputc
    printf3.o(i.__0vfprintf$3) refers to printf3.o(i._printf_core) for _printf_core
    printf3.o(i.__0vfprintf$3) refers to st7735.o(i.fputc) for fputc
    printf3.o(i.__0vprintf$3) refers to printf3.o(i._printf_core) for _printf_core
    printf3.o(i.__0vprintf$3) refers to st7735.o(i.fputc) for fputc
    printf3.o(i.__0vprintf$3) refers to stdout.o(.data) for __stdout
    printf3.o(i.__0vsnprintf$3) refers to printf3.o(i._printf_core) for _printf_core
    printf3.o(i.__0vsnprintf$3) refers to printf3.o(i._snputc) for _snputc
    printf3.o(i.__0vsprintf$3) refers to printf3.o(i._printf_core) for _printf_core
    printf3.o(i.__0vsprintf$3) refers to printf3.o(i._sputc) for _sputc
    printf3.o(i._printf_core) refers to uidiv.o(.text) for __aeabi_uidivmod
    printf4.o(i.__0fprintf$4) refers to printf4.o(i._printf_core) for _printf_core
    printf4.o(i.__0fprintf$4) refers to st7735.o(i.fputc) for fputc
    printf4.o(i.__0printf$4) refers to printf4.o(i._printf_core) for _printf_core
    printf4.o(i.__0printf$4) refers to st7735.o(i.fputc) for fputc
    printf4.o(i.__0printf$4) refers to stdout.o(.data) for __stdout
    printf4.o(i.__0snprintf$4) refers to printf4.o(i._printf_core) for _printf_core
    printf4.o(i.__0snprintf$4) refers to printf4.o(i._snputc) for _snputc
    printf4.o(i.__0sprintf$4) refers to printf4.o(i._printf_core) for _printf_core
    printf4.o(i.__0sprintf$4) refers to printf4.o(i._sputc) for _sputc
    printf4.o(i.__0vfprintf$4) refers to printf4.o(i._printf_core) for _printf_core
    printf4.o(i.__0vfprintf$4) refers to st7735.o(i.fputc) for fputc
    printf4.o(i.__0vprintf$4) refers to printf4.o(i._printf_core) for _printf_core
    printf4.o(i.__0vprintf$4) refers to st7735.o(i.fputc) for fputc
    printf4.o(i.__0vprintf$4) refers to stdout.o(.data) for __stdout
    printf4.o(i.__0vsnprintf$4) refers to printf4.o(i._printf_core) for _printf_core
    printf4.o(i.__0vsnprintf$4) refers to printf4.o(i._snputc) for _snputc
    printf4.o(i.__0vsprintf$4) refers to printf4.o(i._printf_core) for _printf_core
    printf4.o(i.__0vsprintf$4) refers to printf4.o(i._sputc) for _sputc
    printf4.o(i._printf_core) refers to uldiv.o(.text) for __aeabi_uldivmod
    printf5.o(i.__0fprintf$5) refers to printf5.o(i._printf_core) for _printf_core
    printf5.o(i.__0fprintf$5) refers to st7735.o(i.fputc) for fputc
    printf5.o(i.__0printf$5) refers to printf5.o(i._printf_core) for _printf_core
    printf5.o(i.__0printf$5) refers to st7735.o(i.fputc) for fputc
    printf5.o(i.__0printf$5) refers to stdout.o(.data) for __stdout
    printf5.o(i.__0snprintf$5) refers to printf5.o(i._printf_core) for _printf_core
    printf5.o(i.__0snprintf$5) refers to printf5.o(i._snputc) for _snputc
    printf5.o(i.__0sprintf$5) refers to printf5.o(i._printf_core) for _printf_core
    printf5.o(i.__0sprintf$5) refers to printf5.o(i._sputc) for _sputc
    printf5.o(i.__0vfprintf$5) refers to printf5.o(i._printf_core) for _printf_core
    printf5.o(i.__0vfprintf$5) refers to st7735.o(i.fputc) for fputc
    printf5.o(i.__0vprintf$5) refers to printf5.o(i._printf_core) for _printf_core
    printf5.o(i.__0vprintf$5) refers to st7735.o(i.fputc) for fputc
    printf5.o(i.__0vprintf$5) refers to stdout.o(.data) for __stdout
    printf5.o(i.__0vsnprintf$5) refers to printf5.o(i._printf_core) for _printf_core
    printf5.o(i.__0vsnprintf$5) refers to printf5.o(i._snputc) for _snputc
    printf5.o(i.__0vsprintf$5) refers to printf5.o(i._printf_core) for _printf_core
    printf5.o(i.__0vsprintf$5) refers to printf5.o(i._sputc) for _sputc
    printf5.o(i._printf_core) refers to uldiv.o(.text) for __aeabi_uldivmod
    printf6.o(i.__0fprintf$6) refers to printf6.o(i._printf_core) for _printf_core
    printf6.o(i.__0fprintf$6) refers to st7735.o(i.fputc) for fputc
    printf6.o(i.__0printf$6) refers to printf6.o(i._printf_core) for _printf_core
    printf6.o(i.__0printf$6) refers to st7735.o(i.fputc) for fputc
    printf6.o(i.__0printf$6) refers to stdout.o(.data) for __stdout
    printf6.o(i.__0snprintf$6) refers to printf6.o(i._printf_core) for _printf_core
    printf6.o(i.__0snprintf$6) refers to printf6.o(i._snputc) for _snputc
    printf6.o(i.__0sprintf$6) refers to printf6.o(i._printf_core) for _printf_core
    printf6.o(i.__0sprintf$6) refers to printf6.o(i._sputc) for _sputc
    printf6.o(i.__0vfprintf$6) refers to printf6.o(i._printf_core) for _printf_core
    printf6.o(i.__0vfprintf$6) refers to st7735.o(i.fputc) for fputc
    printf6.o(i.__0vprintf$6) refers to printf6.o(i._printf_core) for _printf_core
    printf6.o(i.__0vprintf$6) refers to st7735.o(i.fputc) for fputc
    printf6.o(i.__0vprintf$6) refers to stdout.o(.data) for __stdout
    printf6.o(i.__0vsnprintf$6) refers to printf6.o(i._printf_core) for _printf_core
    printf6.o(i.__0vsnprintf$6) refers to printf6.o(i._snputc) for _snputc
    printf6.o(i.__0vsprintf$6) refers to printf6.o(i._printf_core) for _printf_core
    printf6.o(i.__0vsprintf$6) refers to printf6.o(i._sputc) for _sputc
    printf6.o(i._printf_core) refers to printf6.o(i._printf_pre_padding) for _printf_pre_padding
    printf6.o(i._printf_core) refers to uidiv.o(.text) for __aeabi_uidivmod
    printf6.o(i._printf_core) refers to printf6.o(i._printf_post_padding) for _printf_post_padding
    printf7.o(i.__0fprintf$7) refers to printf7.o(i._printf_core) for _printf_core
    printf7.o(i.__0fprintf$7) refers to st7735.o(i.fputc) for fputc
    printf7.o(i.__0printf$7) refers to printf7.o(i._printf_core) for _printf_core
    printf7.o(i.__0printf$7) refers to st7735.o(i.fputc) for fputc
    printf7.o(i.__0printf$7) refers to stdout.o(.data) for __stdout
    printf7.o(i.__0snprintf$7) refers to printf7.o(i._printf_core) for _printf_core
    printf7.o(i.__0snprintf$7) refers to printf7.o(i._snputc) for _snputc
    printf7.o(i.__0sprintf$7) refers to printf7.o(i._printf_core) for _printf_core
    printf7.o(i.__0sprintf$7) refers to printf7.o(i._sputc) for _sputc
    printf7.o(i.__0vfprintf$7) refers to printf7.o(i._printf_core) for _printf_core
    printf7.o(i.__0vfprintf$7) refers to st7735.o(i.fputc) for fputc
    printf7.o(i.__0vprintf$7) refers to printf7.o(i._printf_core) for _printf_core
    printf7.o(i.__0vprintf$7) refers to st7735.o(i.fputc) for fputc
    printf7.o(i.__0vprintf$7) refers to stdout.o(.data) for __stdout
    printf7.o(i.__0vsnprintf$7) refers to printf7.o(i._printf_core) for _printf_core
    printf7.o(i.__0vsnprintf$7) refers to printf7.o(i._snputc) for _snputc
    printf7.o(i.__0vsprintf$7) refers to printf7.o(i._printf_core) for _printf_core
    printf7.o(i.__0vsprintf$7) refers to printf7.o(i._sputc) for _sputc
    printf7.o(i._printf_core) refers to printf7.o(i._printf_pre_padding) for _printf_pre_padding
    printf7.o(i._printf_core) refers to uldiv.o(.text) for __aeabi_uldivmod
    printf7.o(i._printf_core) refers to printf7.o(i._printf_post_padding) for _printf_post_padding
    printf8.o(i.__0fprintf$8) refers to printf8.o(i._printf_core) for _printf_core
    printf8.o(i.__0fprintf$8) refers to st7735.o(i.fputc) for fputc
    printf8.o(i.__0printf$8) refers to printf8.o(i._printf_core) for _printf_core
    printf8.o(i.__0printf$8) refers to st7735.o(i.fputc) for fputc
    printf8.o(i.__0printf$8) refers to stdout.o(.data) for __stdout
    printf8.o(i.__0snprintf$8) refers to printf8.o(i._printf_core) for _printf_core
    printf8.o(i.__0snprintf$8) refers to printf8.o(i._snputc) for _snputc
    printf8.o(i.__0sprintf$8) refers to printf8.o(i._printf_core) for _printf_core
    printf8.o(i.__0sprintf$8) refers to printf8.o(i._sputc) for _sputc
    printf8.o(i.__0vfprintf$8) refers to printf8.o(i._printf_core) for _printf_core
    printf8.o(i.__0vfprintf$8) refers to st7735.o(i.fputc) for fputc
    printf8.o(i.__0vprintf$8) refers to printf8.o(i._printf_core) for _printf_core
    printf8.o(i.__0vprintf$8) refers to st7735.o(i.fputc) for fputc
    printf8.o(i.__0vprintf$8) refers to stdout.o(.data) for __stdout
    printf8.o(i.__0vsnprintf$8) refers to printf8.o(i._printf_core) for _printf_core
    printf8.o(i.__0vsnprintf$8) refers to printf8.o(i._snputc) for _snputc
    printf8.o(i.__0vsprintf$8) refers to printf8.o(i._printf_core) for _printf_core
    printf8.o(i.__0vsprintf$8) refers to printf8.o(i._sputc) for _sputc
    printf8.o(i._printf_core) refers to printf8.o(i._printf_pre_padding) for _printf_pre_padding
    printf8.o(i._printf_core) refers to uldiv.o(.text) for __aeabi_uldivmod
    printf8.o(i._printf_core) refers to printf8.o(i._printf_post_padding) for _printf_post_padding
    printfa.o(i.__0fprintf) refers (Special) to iusefp.o(.text) for __I$use$fp
    printfa.o(i.__0fprintf) refers to printfa.o(i._printf_core) for _printf_core
    printfa.o(i.__0fprintf) refers to st7735.o(i.fputc) for fputc
    printfa.o(i.__0printf) refers (Special) to iusefp.o(.text) for __I$use$fp
    printfa.o(i.__0printf) refers to printfa.o(i._printf_core) for _printf_core
    printfa.o(i.__0printf) refers to st7735.o(i.fputc) for fputc
    printfa.o(i.__0printf) refers to stdout.o(.data) for __stdout
    printfa.o(i.__0snprintf) refers (Special) to iusefp.o(.text) for __I$use$fp
    printfa.o(i.__0snprintf) refers to printfa.o(i._printf_core) for _printf_core
    printfa.o(i.__0snprintf) refers to printfa.o(i._snputc) for _snputc
    printfa.o(i.__0sprintf) refers (Special) to iusefp.o(.text) for __I$use$fp
    printfa.o(i.__0sprintf) refers to printfa.o(i._printf_core) for _printf_core
    printfa.o(i.__0sprintf) refers to printfa.o(i._sputc) for _sputc
    printfa.o(i.__0vfprintf) refers (Special) to iusefp.o(.text) for __I$use$fp
    printfa.o(i.__0vfprintf) refers to printfa.o(i._printf_core) for _printf_core
    printfa.o(i.__0vfprintf) refers to st7735.o(i.fputc) for fputc
    printfa.o(i.__0vprintf) refers (Special) to iusefp.o(.text) for __I$use$fp
    printfa.o(i.__0vprintf) refers to printfa.o(i._printf_core) for _printf_core
    printfa.o(i.__0vprintf) refers to st7735.o(i.fputc) for fputc
    printfa.o(i.__0vprintf) refers to stdout.o(.data) for __stdout
    printfa.o(i.__0vsnprintf) refers (Special) to iusefp.o(.text) for __I$use$fp
    printfa.o(i.__0vsnprintf) refers to printfa.o(i._printf_core) for _printf_core
    printfa.o(i.__0vsnprintf) refers to printfa.o(i._snputc) for _snputc
    printfa.o(i.__0vsprintf) refers (Special) to iusefp.o(.text) for __I$use$fp
    printfa.o(i.__0vsprintf) refers to printfa.o(i._printf_core) for _printf_core
    printfa.o(i.__0vsprintf) refers to printfa.o(i._sputc) for _sputc
    printfa.o(i._fp_digits) refers (Special) to iusefp.o(.text) for __I$use$fp
    printfa.o(i._fp_digits) refers to dmul.o(.text) for __aeabi_dmul
    printfa.o(i._fp_digits) refers to ddiv.o(.text) for __aeabi_ddiv
    printfa.o(i._fp_digits) refers to cdrcmple.o(.text) for __aeabi_cdrcmple
    printfa.o(i._fp_digits) refers to dadd.o(.text) for __aeabi_dadd
    printfa.o(i._fp_digits) refers to dfixul.o(.text) for __aeabi_d2ulz
    printfa.o(i._fp_digits) refers to uldiv.o(.text) for __aeabi_uldivmod
    printfa.o(i._printf_core) refers (Special) to iusefp.o(.text) for __I$use$fp
    printfa.o(i._printf_core) refers to printfa.o(i._printf_pre_padding) for _printf_pre_padding
    printfa.o(i._printf_core) refers to uldiv.o(.text) for __aeabi_uldivmod
    printfa.o(i._printf_core) refers to printfa.o(i._printf_post_padding) for _printf_post_padding
    printfa.o(i._printf_core) refers to printfa.o(i._fp_digits) for _fp_digits
    printfa.o(i._printf_core) refers to uidiv.o(.text) for __aeabi_uidivmod
    printfa.o(i._printf_post_padding) refers (Special) to iusefp.o(.text) for __I$use$fp
    printfa.o(i._printf_pre_padding) refers (Special) to iusefp.o(.text) for __I$use$fp
    printfa.o(i._snputc) refers (Special) to iusefp.o(.text) for __I$use$fp
    printfa.o(i._sputc) refers (Special) to iusefp.o(.text) for __I$use$fp
    entry2.o(.ARM.Collect$$$$00000001) refers to entry2.o(.ARM.Collect$$$$00002712) for __lit__00000000
    entry2.o(.ARM.Collect$$$$00002712) refers to startup.o(STACK) for __initial_sp
    entry2.o(__vectab_stack_and_reset_area) refers to startup.o(STACK) for __initial_sp
    entry2.o(__vectab_stack_and_reset_area) refers to entry.o(.ARM.Collect$$$$00000000) for __main
    entry5.o(.ARM.Collect$$$$00000004) refers to init.o(.text) for __scatterload
    entry9a.o(.ARM.Collect$$$$0000000B) refers to lab1.o(i.main) for main
    entry9b.o(.ARM.Collect$$$$0000000C) refers to lab1.o(i.main) for main
    uldiv.o(.text) refers to llushr.o(.text) for __aeabi_llsr
    uldiv.o(.text) refers to llshl.o(.text) for __aeabi_llsl
    dadd.o(.text) refers to llshl.o(.text) for __aeabi_llsl
    dadd.o(.text) refers to llsshr.o(.text) for __aeabi_lasr
    dadd.o(.text) refers to depilogue.o(.text) for _double_epilogue
    dmul.o(.text) refers to depilogue.o(.text) for _double_epilogue
    ddiv.o(.text) refers to depilogue.o(.text) for _double_round
    dfixul.o(.text) refers to llushr.o(.text) for __aeabi_llsr
    dfixul.o(.text) refers to llshl.o(.text) for __aeabi_llsl
    init.o(.text) refers to entry5.o(.ARM.Collect$$$$00000004) for __main_after_scatterload
    depilogue.o(.text) refers to llshl.o(.text) for __aeabi_llsl
    depilogue.o(.text) refers to llushr.o(.text) for __aeabi_llsr


==============================================================================

Removing Unused input sections from the image.

    Removing startup.o(HEAP), (0 bytes).
    Removing startup.o(.text), (28 bytes).
    Removing st7735.o(i.Output_Clear), (10 bytes).
    Removing st7735.o(i.Output_Color), (12 bytes).
    Removing st7735.o(i.Output_Init), (16 bytes).
    Removing st7735.o(i.Output_Off), (8 bytes).
    Removing st7735.o(i.Output_On), (8 bytes).
    Removing st7735.o(i.ST7735_DrawBitmap), (292 bytes).
    Removing st7735.o(i.ST7735_DrawChar), (276 bytes).
    Removing st7735.o(i.ST7735_DrawCircle), (172 bytes).
    Removing st7735.o(i.ST7735_DrawFastHLine), (128 bytes).
    Removing st7735.o(i.ST7735_DrawFastVLine), (128 bytes).
    Removing st7735.o(i.ST7735_DrawSmallCircle), (172 bytes).
    Removing st7735.o(i.ST7735_InitB), (40 bytes).
    Removing st7735.o(i.ST7735_InvertDisplay), (26 bytes).
    Removing st7735.o(i.ST7735_Line), (126 bytes).
    Removing st7735.o(i.ST7735_OutUDec4), (140 bytes).
    Removing st7735.o(i.ST7735_OutUDec5), (140 bytes).
    Removing st7735.o(i.ST7735_PlotBar), (88 bytes).
    Removing st7735.o(i.ST7735_PlotClear), (92 bytes).
    Removing st7735.o(i.ST7735_PlotLine), (264 bytes).
    Removing st7735.o(i.ST7735_PlotNext), (32 bytes).
    Removing st7735.o(i.ST7735_PlotNextErase), (64 bytes).
    Removing st7735.o(i.ST7735_PlotPoint), (152 bytes).
    Removing st7735.o(i.ST7735_PlotPoints), (172 bytes).
    Removing st7735.o(i.ST7735_PlotdBfs), (60 bytes).
    Removing st7735.o(i.ST7735_SetRotation), (216 bytes).
    Removing st7735.o(i.ST7735_SetTextColor), (12 bytes).
    Removing st7735.o(i.ST7735_SetX), (36 bytes).
    Removing st7735.o(i.ST7735_SwapColor), (18 bytes).
    Removing st7735.o(i.ferror), (8 bytes).
    Removing st7735.o(i.fgetc), (6 bytes).
    Removing st7735.o(i.fillmessage4), (100 bytes).
    Removing st7735.o(i.fillmessage5), (128 bytes).
    Removing st7735.o(i.plotLineX), (166 bytes).
    Removing st7735.o(i.plotLineY), (164 bytes).
    Removing st7735_portd.o(i.Delay1ms_PortD), (32 bytes).
    Removing st7735_portd.o(i.Output_Clear_PortD), (10 bytes).
    Removing st7735_portd.o(i.Output_Color_PortD), (12 bytes).
    Removing st7735_portd.o(i.Output_Init_PortD), (16 bytes).
    Removing st7735_portd.o(i.Output_Off_PortD), (8 bytes).
    Removing st7735_portd.o(i.Output_On_PortD), (8 bytes).
    Removing st7735_portd.o(i.ST7735_Color565_PortD), (24 bytes).
    Removing st7735_portd.o(i.ST7735_DrawBitmap_PortD), (288 bytes).
    Removing st7735_portd.o(i.ST7735_DrawCharS_PortD), (248 bytes).
    Removing st7735_portd.o(i.ST7735_DrawChar_PortD), (272 bytes).
    Removing st7735_portd.o(i.ST7735_DrawFastHLine_PortD), (124 bytes).
    Removing st7735_portd.o(i.ST7735_DrawFastVLine_PortD), (124 bytes).
    Removing st7735_portd.o(i.ST7735_DrawPixel_PortD), (72 bytes).
    Removing st7735_portd.o(i.ST7735_DrawString_PortD), (84 bytes).
    Removing st7735_portd.o(i.ST7735_FillRect_PortD), (172 bytes).
    Removing st7735_portd.o(i.ST7735_FillScreen_PortD), (36 bytes).
    Removing st7735_portd.o(i.ST7735_InitB_PortD), (40 bytes).
    Removing st7735_portd.o(i.ST7735_InitR_PortD), (124 bytes).
    Removing st7735_portd.o(i.ST7735_InvertDisplay_PortD), (22 bytes).
    Removing st7735_portd.o(i.ST7735_Line_PortD), (126 bytes).
    Removing st7735_portd.o(i.ST7735_OutChar_PortD), (216 bytes).
    Removing st7735_portd.o(i.ST7735_OutString_PortD), (22 bytes).
    Removing st7735_portd.o(i.ST7735_OutUDec_PortD), (140 bytes).
    Removing st7735_portd.o(i.ST7735_PlotBar_PortD), (88 bytes).
    Removing st7735_portd.o(i.ST7735_PlotClear_PortD), (92 bytes).
    Removing st7735_portd.o(i.ST7735_PlotLine_PortD), (264 bytes).
    Removing st7735_portd.o(i.ST7735_PlotNextErase_PortD), (64 bytes).
    Removing st7735_portd.o(i.ST7735_PlotNext_PortD), (32 bytes).
    Removing st7735_portd.o(i.ST7735_PlotPoint_PortD), (152 bytes).
    Removing st7735_portd.o(i.ST7735_PlotPoints_PortD), (172 bytes).
    Removing st7735_portd.o(i.ST7735_PlotdBfs_PortD), (60 bytes).
    Removing st7735_portd.o(i.ST7735_SetCursor_PortD), (32 bytes).
    Removing st7735_portd.o(i.ST7735_SetRotation_PortD), (212 bytes).
    Removing st7735_portd.o(i.ST7735_SetTextColor_PortD), (12 bytes).
    Removing st7735_portd.o(i.ST7735_SetX_PortD), (36 bytes).
    Removing st7735_portd.o(i.ST7735_SwapColor_PortD), (18 bytes).
    Removing st7735_portd.o(i.ST7735_XYplotInit_PortD), (6 bytes).
    Removing st7735_portd.o(i.ST7735_XYplot_PortD), (2 bytes).
    Removing st7735_portd.o(i.ST7735_sDecOut2_PortD), (304 bytes).
    Removing st7735_portd.o(i.ST7735_uBinOut6_PortD), (228 bytes).
    Removing st7735_portd.o(i.commandList), (86 bytes).
    Removing st7735_portd.o(i.commonInit), (412 bytes).
    Removing st7735_portd.o(i.fgetc_PortD), (6 bytes).
    Removing st7735_portd.o(i.fillmessage_PortD), (72 bytes).
    Removing st7735_portd.o(i.fputc_PortD), (16 bytes).
    Removing st7735_portd.o(i.plotLineX_PortD), (166 bytes).
    Removing st7735_portd.o(i.plotLineY_PortD), (164 bytes).
    Removing st7735_portd.o(i.pushColor), (18 bytes).
    Removing st7735_portd.o(i.setAddrWindow), (116 bytes).
    Removing st7735_portd.o(i.writecommand), (48 bytes).
    Removing st7735_portd.o(i.writedata), (36 bytes).
    Removing st7735_portd.o(.bss), (12 bytes).
    Removing st7735_portd.o(.constdata), (2018 bytes).
    Removing st7735_portd.o(.data), (44 bytes).
    Removing launchpad.o(i.DelayMs), (32 bytes).
    Removing launchpad.o(i.LaunchPad_Init), (92 bytes).
    Removing launchpad.o(i.LaunchPad_Input), (24 bytes).
    Removing launchpad.o(i.LaunchPad_Output), (12 bytes).
    Removing launchpad.o(i.LaunchPad_WaitForRelease), (56 bytes).
    Removing launchpad.o(i.LaunchPad_WaitForTouch), (32 bytes).
    Removing cortexm.o(.emb_text), (6 bytes).
    Removing cortexm.o(i.Clock_Delay1ms), (22 bytes).
    Removing lab1.o(i.main4), (32 bytes).
    Removing lab1.o(i.main5), (32 bytes).
    Removing dadd.o(.text), (334 bytes).
    Removing dmul.o(.text), (228 bytes).
    Removing ddiv.o(.text), (222 bytes).
    Removing dfixul.o(.text), (48 bytes).
    Removing cdrcmple.o(.text), (48 bytes).
    Removing depilogue.o(.text), (186 bytes).

106 unused section(s) (total 12114 bytes) removed from the image.

==============================================================================

Image Symbol Table

    Local Symbols

    Symbol Name                              Value     Ov Type        Size  Object(Section)

    RESET                                    0x00000000   Section      644  startup.o(RESET)
    ../clib/microlib/division.c              0x00000000   Number         0  uldiv.o ABSOLUTE
    ../clib/microlib/division.c              0x00000000   Number         0  uidiv.o ABSOLUTE
    ../clib/microlib/init/entry.s            0x00000000   Number         0  entry8a.o ABSOLUTE
    ../clib/microlib/init/entry.s            0x00000000   Number         0  entry7a.o ABSOLUTE
    ../clib/microlib/init/entry.s            0x00000000   Number         0  entry.o ABSOLUTE
    ../clib/microlib/init/entry.s            0x00000000   Number         0  entry11b.o ABSOLUTE
    ../clib/microlib/init/entry.s            0x00000000   Number         0  entry11a.o ABSOLUTE
    ../clib/microlib/init/entry.s            0x00000000   Number         0  entry10b.o ABSOLUTE
    ../clib/microlib/init/entry.s            0x00000000   Number         0  entry7b.o ABSOLUTE
    ../clib/microlib/init/entry.s            0x00000000   Number         0  entry10a.o ABSOLUTE
    ../clib/microlib/init/entry.s            0x00000000   Number         0  entry9b.o ABSOLUTE
    ../clib/microlib/init/entry.s            0x00000000   Number         0  entry2.o ABSOLUTE
    ../clib/microlib/init/entry.s            0x00000000   Number         0  entry9a.o ABSOLUTE
    ../clib/microlib/init/entry.s            0x00000000   Number         0  entry5.o ABSOLUTE
    ../clib/microlib/init/entry.s            0x00000000   Number         0  entry8b.o ABSOLUTE
    ../clib/microlib/longlong.c              0x00000000   Number         0  llushr.o ABSOLUTE
    ../clib/microlib/longlong.c              0x00000000   Number         0  llshl.o ABSOLUTE
    ../clib/microlib/longlong.c              0x00000000   Number         0  llsshr.o ABSOLUTE
    ../clib/microlib/printf/printf.c         0x00000000   Number         0  printf1.o ABSOLUTE
    ../clib/microlib/printf/printf.c         0x00000000   Number         0  printf2.o ABSOLUTE
    ../clib/microlib/printf/printf.c         0x00000000   Number         0  printf5.o ABSOLUTE
    ../clib/microlib/printf/printf.c         0x00000000   Number         0  printf3.o ABSOLUTE
    ../clib/microlib/printf/printf.c         0x00000000   Number         0  printf4.o ABSOLUTE
    ../clib/microlib/printf/printf.c         0x00000000   Number         0  printf6.o ABSOLUTE
    ../clib/microlib/printf/printf.c         0x00000000   Number         0  printf7.o ABSOLUTE
    ../clib/microlib/printf/printf.c         0x00000000   Number         0  printfa.o ABSOLUTE
    ../clib/microlib/printf/printf.c         0x00000000   Number         0  printf0.o ABSOLUTE
    ../clib/microlib/printf/printf.c         0x00000000   Number         0  printfb.o ABSOLUTE
    ../clib/microlib/printf/printf.c         0x00000000   Number         0  printf8.o ABSOLUTE
    ../clib/microlib/stdio/streams.c         0x00000000   Number         0  stdout.o ABSOLUTE
    ../clib/microlib/stubs.s                 0x00000000   Number         0  iusefp.o ABSOLUTE
    ../fplib/microlib/fpadd.c                0x00000000   Number         0  dadd.o ABSOLUTE
    ../fplib/microlib/fpdiv.c                0x00000000   Number         0  ddiv.o ABSOLUTE
    ../fplib/microlib/fpepilogue.c           0x00000000   Number         0  depilogue.o ABSOLUTE
    ../fplib/microlib/fpfix.c                0x00000000   Number         0  dfixul.o ABSOLUTE
    ../fplib/microlib/fpmul.c                0x00000000   Number         0  dmul.o ABSOLUTE
    ..\\inc\\CortexM.c                       0x00000000   Number         0  cortexm.o ABSOLUTE
    ..\inc\CortexM.c                         0x00000000   Number         0  cortexm.o ABSOLUTE
    ..\inc\LaunchPad.c                       0x00000000   Number         0  launchpad.o ABSOLUTE
    ..\inc\PLL.c                             0x00000000   Number         0  pll.o ABSOLUTE
    ..\inc\ST7735.c                          0x00000000   Number         0  st7735.o ABSOLUTE
    ..\inc\ST7735_PortD.c                    0x00000000   Number         0  st7735_portd.o ABSOLUTE
    Lab1.c                                   0x00000000   Number         0  lab1.o ABSOLUTE
    cdrcmple.s                               0x00000000   Number         0  cdrcmple.o ABSOLUTE
    dc.s                                     0x00000000   Number         0  dc.o ABSOLUTE
    handlers.s                               0x00000000   Number         0  handlers.o ABSOLUTE
    init.s                                   0x00000000   Number         0  init.o ABSOLUTE
    startup.s                                0x00000000   Number         0  startup.o ABSOLUTE
    .ARM.Collect$$$$00000000                 0x00000284   Section        0  entry.o(.ARM.Collect$$$$00000000)
    .ARM.Collect$$$$00000001                 0x00000284   Section        4  entry2.o(.ARM.Collect$$$$00000001)
    .ARM.Collect$$$$00000004                 0x00000288   Section        4  entry5.o(.ARM.Collect$$$$00000004)
    .ARM.Collect$$$$00000008                 0x0000028c   Section        0  entry7b.o(.ARM.Collect$$$$00000008)
    .ARM.Collect$$$$0000000A                 0x0000028c   Section        0  entry8b.o(.ARM.Collect$$$$0000000A)
    .ARM.Collect$$$$0000000B                 0x0000028c   Section        8  entry9a.o(.ARM.Collect$$$$0000000B)
    .ARM.Collect$$$$0000000D                 0x00000294   Section        0  entry10a.o(.ARM.Collect$$$$0000000D)
    .ARM.Collect$$$$0000000F                 0x00000294   Section        0  entry11a.o(.ARM.Collect$$$$0000000F)
    .ARM.Collect$$$$00002712                 0x00000294   Section        4  entry2.o(.ARM.Collect$$$$00002712)
    __lit__00000000                          0x00000294   Data           4  entry2.o(.ARM.Collect$$$$00002712)
    .text                                    0x00000298   Section       36  init.o(.text)
    i.Delay1ms                               0x000002bc   Section        0  st7735.o(i.Delay1ms)
    i.DelayWait10ms                          0x000002dc   Section        0  lab1.o(i.DelayWait10ms)
    i.PLL_Init                               0x000002fc   Section        0  pll.o(i.PLL_Init)
    i.Pause                                  0x00000378   Section        0  lab1.o(i.Pause)
    i.PortF_Init                             0x000003a0   Section        0  lab1.o(i.PortF_Init)
    i.ST7735_Color565                        0x00000424   Section        0  st7735.o(i.ST7735_Color565)
    i.ST7735_DrawCharS                       0x0000043c   Section        0  st7735.o(i.ST7735_DrawCharS)
    i.ST7735_DrawPixel                       0x00000534   Section        0  st7735.o(i.ST7735_DrawPixel)
    i.ST7735_DrawString                      0x00000580   Section        0  st7735.o(i.ST7735_DrawString)
    i.ST7735_FillRect                        0x000005d4   Section        0  st7735.o(i.ST7735_FillRect)
    i.ST7735_FillScreen                      0x00000684   Section        0  st7735.o(i.ST7735_FillScreen)
    i.ST7735_InitR                           0x000006a8   Section        0  st7735.o(i.ST7735_InitR)
    i.ST7735_OutChar                         0x00000724   Section        0  st7735.o(i.ST7735_OutChar)
    i.ST7735_OutString                       0x000007f8   Section        0  st7735.o(i.ST7735_OutString)
    i.ST7735_OutUDec                         0x00000810   Section        0  st7735.o(i.ST7735_OutUDec)
    i.ST7735_SetCursor                       0x0000089c   Section        0  st7735.o(i.ST7735_SetCursor)
    i.ST7735_XYplot                          0x000008bc   Section        0  st7735.o(i.ST7735_XYplot)
    i.ST7735_XYplotInit                      0x00000964   Section        0  st7735.o(i.ST7735_XYplotInit)
    i.ST7735_sDecOut2                        0x000009c0   Section        0  st7735.o(i.ST7735_sDecOut2)
    i.ST7735_uBinOut6                        0x00000af0   Section        0  st7735.o(i.ST7735_uBinOut6)
    i.__0printf$bare                         0x00000bd4   Section        0  printfb.o(i.__0printf$bare)
    i.__scatterload_copy                     0x00000be4   Section       14  handlers.o(i.__scatterload_copy)
    i.__scatterload_null                     0x00000bf2   Section        2  handlers.o(i.__scatterload_null)
    i.__scatterload_zeroinit                 0x00000bf4   Section       14  handlers.o(i.__scatterload_zeroinit)
    i._printf_core                           0x00000c02   Section        0  printfb.o(i._printf_core)
    _printf_core                             0x00000c03   Thumb Code    34  printfb.o(i._printf_core)
    i.commandList                            0x00000c24   Section        0  st7735.o(i.commandList)
    commandList                              0x00000c25   Thumb Code    86  st7735.o(i.commandList)
    i.commonInit                             0x00000c7c   Section        0  st7735.o(i.commonInit)
    commonInit                               0x00000c7d   Thumb Code   342  st7735.o(i.commonInit)
    i.deselect                               0x00000e04   Section        0  st7735.o(i.deselect)
    deselect                                 0x00000e05   Thumb Code    24  st7735.o(i.deselect)
    i.fillmessage                            0x00000e20   Section        0  st7735.o(i.fillmessage)
    i.fputc                                  0x00000e68   Section        0  st7735.o(i.fputc)
    i.main                                   0x00000e78   Section        0  lab1.o(i.main)
    i.pushColor                              0x00000fcc   Section        0  st7735.o(i.pushColor)
    pushColor                                0x00000fcd   Thumb Code    18  st7735.o(i.pushColor)
    i.setAddrWindow                          0x00000fe0   Section        0  st7735.o(i.setAddrWindow)
    setAddrWindow                            0x00000fe1   Thumb Code   106  st7735.o(i.setAddrWindow)
    i.writecommand                           0x00001054   Section        0  st7735.o(i.writecommand)
    writecommand                             0x00001055   Thumb Code    46  st7735.o(i.writecommand)
    i.writedata                              0x0000108c   Section        0  st7735.o(i.writedata)
    writedata                                0x0000108d   Thumb Code    26  st7735.o(i.writedata)
    .constdata                               0x000010b0   Section     2114  st7735.o(.constdata)
    Font                                     0x000010b0   Data        1275  st7735.o(.constdata)
    Bcmd                                     0x000015ab   Data         103  st7735.o(.constdata)
    Rcmd1                                    0x00001612   Data          59  st7735.o(.constdata)
    Rcmd2green                               0x0000164d   Data          13  st7735.o(.constdata)
    Rcmd2red                                 0x0000165a   Data          13  st7735.o(.constdata)
    Rcmd3                                    0x00001667   Data          43  st7735.o(.constdata)
    .constdata                               0x000018f4   Section     2272  lab1.o(.constdata)
    .data                                    0x20000000   Section       60  st7735.o(.data)
    ColStart                                 0x2000000a   Data           1  st7735.o(.data)
    RowStart                                 0x2000000b   Data           1  st7735.o(.data)
    Rotation                                 0x2000000c   Data           1  st7735.o(.data)
    TabColor                                 0x2000000d   Data           1  st7735.o(.data)
    _width                                   0x2000000e   Data           2  st7735.o(.data)
    _height                                  0x20000010   Data           2  st7735.o(.data)
    .data                                    0x2000003c   Section        4  stdout.o(.data)
    .bss                                     0x20000040   Section       12  st7735.o(.bss)
    STACK                                    0x20000050   Section     1024  startup.o(STACK)
    StackMem                                 0x20000050   Data           0  startup.o(STACK)

    Global Symbols

    Symbol Name                              Value     Ov Type        Size  Object(Section)

    BuildAttributes$$THM_ISAv4$E$P$D$K$B$S$7EM$PE$A:L22UL41UL21$X:L11$S22US41US21$IEEE1$IW$USESV6$~STKCKD$USESV7$~SHL$OSPACE$ROPI$EBA8$MICROLIB$REQ8$PRES8$EABIv2 0x00000000   Number         0  anon$$obj.o ABSOLUTE
    __ARM_use_no_argv                        0x00000000   Number         0  lab1.o ABSOLUTE
    __Vectors                                0x00000000   Data           0  startup.o(RESET)
    __cpp_initialize__aeabi_                  - Undefined Weak Reference
    __cxa_finalize                            - Undefined Weak Reference
    __decompress                              - Undefined Weak Reference
    _clock_init                               - Undefined Weak Reference
    _microlib_exit                            - Undefined Weak Reference
    Reset_Handler                            0x0000026d   Thumb Code     0  startup.o(RESET)
    NMI_Handler                              0x00000271   Thumb Code     2  startup.o(RESET)
    HardFault_Handler                        0x00000273   Thumb Code     2  startup.o(RESET)
    MemManage_Handler                        0x00000275   Thumb Code     2  startup.o(RESET)
    BusFault_Handler                         0x00000277   Thumb Code     2  startup.o(RESET)
    UsageFault_Handler                       0x00000279   Thumb Code     2  startup.o(RESET)
    SVC_Handler                              0x0000027b   Thumb Code     2  startup.o(RESET)
    DebugMon_Handler                         0x0000027d   Thumb Code     2  startup.o(RESET)
    PendSV_Handler                           0x0000027f   Thumb Code     2  startup.o(RESET)
    SysTick_Handler                          0x00000281   Thumb Code     2  startup.o(RESET)
    ADC0Seq0_Handler                         0x00000283   Thumb Code     0  startup.o(RESET)
    ADC0Seq1_Handler                         0x00000283   Thumb Code     0  startup.o(RESET)
    ADC0Seq2_Handler                         0x00000283   Thumb Code     0  startup.o(RESET)
    ADC0Seq3_Handler                         0x00000283   Thumb Code     0  startup.o(RESET)
    ADC1Seq0_Handler                         0x00000283   Thumb Code     0  startup.o(RESET)
    ADC1Seq1_Handler                         0x00000283   Thumb Code     0  startup.o(RESET)
    ADC1Seq2_Handler                         0x00000283   Thumb Code     0  startup.o(RESET)
    ADC1Seq3_Handler                         0x00000283   Thumb Code     0  startup.o(RESET)
    CAN0_Handler                             0x00000283   Thumb Code     0  startup.o(RESET)
    CAN1_Handler                             0x00000283   Thumb Code     0  startup.o(RESET)
    CAN2_Handler                             0x00000283   Thumb Code     0  startup.o(RESET)
    Comp0_Handler                            0x00000283   Thumb Code     0  startup.o(RESET)
    Comp1_Handler                            0x00000283   Thumb Code     0  startup.o(RESET)
    Comp2_Handler                            0x00000283   Thumb Code     0  startup.o(RESET)
    Ethernet_Handler                         0x00000283   Thumb Code     0  startup.o(RESET)
    ExtBus_Handler                           0x00000283   Thumb Code     0  startup.o(RESET)
    FPU_Handler                              0x00000283   Thumb Code     0  startup.o(RESET)
    Fan0_Handler                             0x00000283   Thumb Code     0  startup.o(RESET)
    FlashCtl_Handler                         0x00000283   Thumb Code     0  startup.o(RESET)
    GPIOPortA_Handler                        0x00000283   Thumb Code     0  startup.o(RESET)
    GPIOPortB_Handler                        0x00000283   Thumb Code     0  startup.o(RESET)
    GPIOPortC_Handler                        0x00000283   Thumb Code     0  startup.o(RESET)
    GPIOPortD_Handler                        0x00000283   Thumb Code     0  startup.o(RESET)
    GPIOPortE_Handler                        0x00000283   Thumb Code     0  startup.o(RESET)
    GPIOPortF_Handler                        0x00000283   Thumb Code     0  startup.o(RESET)
    GPIOPortG_Handler                        0x00000283   Thumb Code     0  startup.o(RESET)
    GPIOPortH_Handler                        0x00000283   Thumb Code     0  startup.o(RESET)
    GPIOPortJ_Handler                        0x00000283   Thumb Code     0  startup.o(RESET)
    GPIOPortK_Handler                        0x00000283   Thumb Code     0  startup.o(RESET)
    GPIOPortL_Handler                        0x00000283   Thumb Code     0  startup.o(RESET)
    GPIOPortM_Handler                        0x00000283   Thumb Code     0  startup.o(RESET)
    GPIOPortN_Handler                        0x00000283   Thumb Code     0  startup.o(RESET)
    GPIOPortP1_Handler                       0x00000283   Thumb Code     0  startup.o(RESET)
    GPIOPortP2_Handler                       0x00000283   Thumb Code     0  startup.o(RESET)
    GPIOPortP3_Handler                       0x00000283   Thumb Code     0  startup.o(RESET)
    GPIOPortP4_Handler                       0x00000283   Thumb Code     0  startup.o(RESET)
    GPIOPortP5_Handler                       0x00000283   Thumb Code     0  startup.o(RESET)
    GPIOPortP6_Handler                       0x00000283   Thumb Code     0  startup.o(RESET)
    GPIOPortP7_Handler                       0x00000283   Thumb Code     0  startup.o(RESET)
    GPIOPortP_Handler                        0x00000283   Thumb Code     0  startup.o(RESET)
    GPIOPortQ1_Handler                       0x00000283   Thumb Code     0  startup.o(RESET)
    GPIOPortQ2_Handler                       0x00000283   Thumb Code     0  startup.o(RESET)
    GPIOPortQ3_Handler                       0x00000283   Thumb Code     0  startup.o(RESET)
    GPIOPortQ4_Handler                       0x00000283   Thumb Code     0  startup.o(RESET)
    GPIOPortQ5_Handler                       0x00000283   Thumb Code     0  startup.o(RESET)
    GPIOPortQ6_Handler                       0x00000283   Thumb Code     0  startup.o(RESET)
    GPIOPortQ7_Handler                       0x00000283   Thumb Code     0  startup.o(RESET)
    GPIOPortQ_Handler                        0x00000283   Thumb Code     0  startup.o(RESET)
    GPIOPortR_Handler                        0x00000283   Thumb Code     0  startup.o(RESET)
    GPIOPortS_Handler                        0x00000283   Thumb Code     0  startup.o(RESET)
    Hibernate_Handler                        0x00000283   Thumb Code     0  startup.o(RESET)
    I2C0_Handler                             0x00000283   Thumb Code     0  startup.o(RESET)
    I2C1_Handler                             0x00000283   Thumb Code     0  startup.o(RESET)
    I2C2_Handler                             0x00000283   Thumb Code     0  startup.o(RESET)
    I2C3_Handler                             0x00000283   Thumb Code     0  startup.o(RESET)
    I2C4_Handler                             0x00000283   Thumb Code     0  startup.o(RESET)
    I2C5_Handler                             0x00000283   Thumb Code     0  startup.o(RESET)
    I2S0_Handler                             0x00000283   Thumb Code     0  startup.o(RESET)
    LPC0_Handler                             0x00000283   Thumb Code     0  startup.o(RESET)
    PECI0_Handler                            0x00000283   Thumb Code     0  startup.o(RESET)
    PWM0Fault_Handler                        0x00000283   Thumb Code     0  startup.o(RESET)
    PWM0Generator0_Handler                   0x00000283   Thumb Code     0  startup.o(RESET)
    PWM0Generator1_Handler                   0x00000283   Thumb Code     0  startup.o(RESET)
    PWM0Generator2_Handler                   0x00000283   Thumb Code     0  startup.o(RESET)
    PWM0Generator3_Handler                   0x00000283   Thumb Code     0  startup.o(RESET)
    PWM1Fault_Handler                        0x00000283   Thumb Code     0  startup.o(RESET)
    PWM1Generator0_Handler                   0x00000283   Thumb Code     0  startup.o(RESET)
    PWM1Generator1_Handler                   0x00000283   Thumb Code     0  startup.o(RESET)
    PWM1Generator2_Handler                   0x00000283   Thumb Code     0  startup.o(RESET)
    PWM1Generator3_Handler                   0x00000283   Thumb Code     0  startup.o(RESET)
    Quadrature0_Handler                      0x00000283   Thumb Code     0  startup.o(RESET)
    Quadrature1_Handler                      0x00000283   Thumb Code     0  startup.o(RESET)
    Quadrature2_Handler                      0x00000283   Thumb Code     0  startup.o(RESET)
    SSI0_Handler                             0x00000283   Thumb Code     0  startup.o(RESET)
    SSI1_Handler                             0x00000283   Thumb Code     0  startup.o(RESET)
    SSI2_Handler                             0x00000283   Thumb Code     0  startup.o(RESET)
    SSI3_Handler                             0x00000283   Thumb Code     0  startup.o(RESET)
    SysCtl_Handler                           0x00000283   Thumb Code     0  startup.o(RESET)
    Timer0A_Handler                          0x00000283   Thumb Code     0  startup.o(RESET)
    Timer0B_Handler                          0x00000283   Thumb Code     0  startup.o(RESET)
    Timer1A_Handler                          0x00000283   Thumb Code     0  startup.o(RESET)
    Timer1B_Handler                          0x00000283   Thumb Code     0  startup.o(RESET)
    Timer2A_Handler                          0x00000283   Thumb Code     0  startup.o(RESET)
    Timer2B_Handler                          0x00000283   Thumb Code     0  startup.o(RESET)
    Timer3A_Handler                          0x00000283   Thumb Code     0  startup.o(RESET)
    Timer3B_Handler                          0x00000283   Thumb Code     0  startup.o(RESET)
    Timer4A_Handler                          0x00000283   Thumb Code     0  startup.o(RESET)
    Timer4B_Handler                          0x00000283   Thumb Code     0  startup.o(RESET)
    Timer5A_Handler                          0x00000283   Thumb Code     0  startup.o(RESET)
    Timer5B_Handler                          0x00000283   Thumb Code     0  startup.o(RESET)
    UART0_Handler                            0x00000283   Thumb Code     0  startup.o(RESET)
    UART1_Handler                            0x00000283   Thumb Code     0  startup.o(RESET)
    UART2_Handler                            0x00000283   Thumb Code     0  startup.o(RESET)
    UART3_Handler                            0x00000283   Thumb Code     0  startup.o(RESET)
    UART4_Handler                            0x00000283   Thumb Code     0  startup.o(RESET)
    UART5_Handler                            0x00000283   Thumb Code     0  startup.o(RESET)
    UART6_Handler                            0x00000283   Thumb Code     0  startup.o(RESET)
    UART7_Handler                            0x00000283   Thumb Code     0  startup.o(RESET)
    USB0_Handler                             0x00000283   Thumb Code     0  startup.o(RESET)
    WDT_Handler                              0x00000283   Thumb Code     0  startup.o(RESET)
    WideTimer0A_Handler                      0x00000283   Thumb Code     0  startup.o(RESET)
    WideTimer0B_Handler                      0x00000283   Thumb Code     0  startup.o(RESET)
    WideTimer1A_Handler                      0x00000283   Thumb Code     0  startup.o(RESET)
    WideTimer1B_Handler                      0x00000283   Thumb Code     0  startup.o(RESET)
    WideTimer2A_Handler                      0x00000283   Thumb Code     0  startup.o(RESET)
    WideTimer2B_Handler                      0x00000283   Thumb Code     0  startup.o(RESET)
    WideTimer3A_Handler                      0x00000283   Thumb Code     0  startup.o(RESET)
    WideTimer3B_Handler                      0x00000283   Thumb Code     0  startup.o(RESET)
    WideTimer4A_Handler                      0x00000283   Thumb Code     0  startup.o(RESET)
    WideTimer4B_Handler                      0x00000283   Thumb Code     0  startup.o(RESET)
    WideTimer5A_Handler                      0x00000283   Thumb Code     0  startup.o(RESET)
    WideTimer5B_Handler                      0x00000283   Thumb Code     0  startup.o(RESET)
    uDMA_Error                               0x00000283   Thumb Code     0  startup.o(RESET)
    uDMA_Handler                             0x00000283   Thumb Code     0  startup.o(RESET)
    __main                                   0x00000285   Thumb Code     0  entry.o(.ARM.Collect$$$$00000000)
    _main_stk                                0x00000285   Thumb Code     0  entry2.o(.ARM.Collect$$$$00000001)
    _main_scatterload                        0x00000289   Thumb Code     0  entry5.o(.ARM.Collect$$$$00000004)
    __main_after_scatterload                 0x0000028d   Thumb Code     0  entry5.o(.ARM.Collect$$$$00000004)
    _main_clock                              0x0000028d   Thumb Code     0  entry7b.o(.ARM.Collect$$$$00000008)
    _main_cpp_init                           0x0000028d   Thumb Code     0  entry8b.o(.ARM.Collect$$$$0000000A)
    _main_init                               0x0000028d   Thumb Code     0  entry9a.o(.ARM.Collect$$$$0000000B)
    __rt_final_cpp                           0x00000295   Thumb Code     0  entry10a.o(.ARM.Collect$$$$0000000D)
    __rt_final_exit                          0x00000295   Thumb Code     0  entry11a.o(.ARM.Collect$$$$0000000F)
    __scatterload                            0x00000299   Thumb Code    28  init.o(.text)
    __scatterload_rt2                        0x00000299   Thumb Code     0  init.o(.text)
    Delay1ms                                 0x000002bd   Thumb Code    32  st7735.o(i.Delay1ms)
    DelayWait10ms                            0x000002dd   Thumb Code    32  lab1.o(i.DelayWait10ms)
    PLL_Init                                 0x000002fd   Thumb Code   120  pll.o(i.PLL_Init)
    Pause                                    0x00000379   Thumb Code    36  lab1.o(i.Pause)
    PortF_Init                               0x000003a1   Thumb Code   112  lab1.o(i.PortF_Init)
    ST7735_Color565                          0x00000425   Thumb Code    24  st7735.o(i.ST7735_Color565)
    ST7735_DrawCharS                         0x0000043d   Thumb Code   236  st7735.o(i.ST7735_DrawCharS)
    ST7735_DrawPixel                         0x00000535   Thumb Code    68  st7735.o(i.ST7735_DrawPixel)
    ST7735_DrawString                        0x00000581   Thumb Code    84  st7735.o(i.ST7735_DrawString)
    ST7735_FillRect                          0x000005d5   Thumb Code   168  st7735.o(i.ST7735_FillRect)
    ST7735_FillScreen                        0x00000685   Thumb Code    28  st7735.o(i.ST7735_FillScreen)
    ST7735_InitR                             0x000006a9   Thumb Code    90  st7735.o(i.ST7735_InitR)
    ST7735_OutChar                           0x00000725   Thumb Code   176  st7735.o(i.ST7735_OutChar)
    ST7735_OutString                         0x000007f9   Thumb Code    22  st7735.o(i.ST7735_OutString)
    ST7735_OutUDec                           0x00000811   Thumb Code   118  st7735.o(i.ST7735_OutUDec)
    ST7735_SetCursor                         0x0000089d   Thumb Code    22  st7735.o(i.ST7735_SetCursor)
    ST7735_XYplot                            0x000008bd   Thumb Code   150  st7735.o(i.ST7735_XYplot)
    ST7735_XYplotInit                        0x00000965   Thumb Code    74  st7735.o(i.ST7735_XYplotInit)
    ST7735_sDecOut2                          0x000009c1   Thumb Code   244  st7735.o(i.ST7735_sDecOut2)
    ST7735_uBinOut6                          0x00000af1   Thumb Code   194  st7735.o(i.ST7735_uBinOut6)
    __0printf$bare                           0x00000bd5   Thumb Code     8  printfb.o(i.__0printf$bare)
    __1printf$bare                           0x00000bd5   Thumb Code     0  printfb.o(i.__0printf$bare)
    __2printf                                0x00000bd5   Thumb Code     0  printfb.o(i.__0printf$bare)
    __scatterload_copy                       0x00000be5   Thumb Code    14  handlers.o(i.__scatterload_copy)
    __scatterload_null                       0x00000bf3   Thumb Code     2  handlers.o(i.__scatterload_null)
    __scatterload_zeroinit                   0x00000bf5   Thumb Code    14  handlers.o(i.__scatterload_zeroinit)
    fillmessage                              0x00000e21   Thumb Code    64  st7735.o(i.fillmessage)
    fputc                                    0x00000e69   Thumb Code    16  st7735.o(i.fputc)
    main                                     0x00000e79   Thumb Code   238  lab1.o(i.main)
    smallCircle                              0x00001692   Data          36  st7735.o(.constdata)
    circle                                   0x000016b6   Data          60  st7735.o(.constdata)
    dBfs                                     0x000016f2   Data         512  st7735.o(.constdata)
    outTests1                                0x000018f4   Data         208  lab1.o(.constdata)
    outTests2                                0x000019c4   Data         224  lab1.o(.constdata)
    CircleXbuf                               0x00001aa4   Data         720  lab1.o(.constdata)
    CircleYbuf                               0x00001d74   Data         720  lab1.o(.constdata)
    StarXbuf                                 0x00002044   Data         200  lab1.o(.constdata)
    StarYbuf                                 0x0000210c   Data         200  lab1.o(.constdata)
    Region$$Table$$Base                      0x000021d4   Number         0  anon$$obj.o(Region$$Table)
    Region$$Table$$Limit                     0x000021f4   Number         0  anon$$obj.o(Region$$Table)
    StX                                      0x20000000   Data           4  st7735.o(.data)
    StY                                      0x20000004   Data           4  st7735.o(.data)
    StTextColor                              0x20000008   Data           2  st7735.o(.data)
    Messageindex                             0x20000014   Data           4  st7735.o(.data)
    Ymax                                     0x20000018   Data           4  st7735.o(.data)
    Ymin                                     0x2000001c   Data           4  st7735.o(.data)
    X                                        0x20000020   Data           4  st7735.o(.data)
    Yrange                                   0x20000024   Data           4  st7735.o(.data)
    lastj                                    0x20000028   Data           4  st7735.o(.data)
    Xslope                                   0x2000002c   Data           4  st7735.o(.data)
    Yslope                                   0x20000030   Data           4  st7735.o(.data)
    Xmin                                     0x20000034   Data           4  st7735.o(.data)
    Xmax                                     0x20000038   Data           4  st7735.o(.data)
    __stdout                                 0x2000003c   Data           4  stdout.o(.data)
    Message                                  0x20000040   Data          12  st7735.o(.bss)
    __initial_sp                             0x20000450   Data           0  startup.o(STACK)



==============================================================================

Memory Map of the image

  Image Entry point : 0x0000026d

  Load Region LR_1 (Base: 0x00000000, Size: 0x00002234, Max: 0xffffffff, ABSOLUTE)

    Execution Region ER_RO (Exec base: 0x00000000, Load base: 0x00000000, Size: 0x000021f4, Max: 0xffffffff, ABSOLUTE)

    Exec Addr    Load Addr    Size         Type   Attr      Idx    E Section Name        Object

    0x00000000   0x00000000   0x00000284   Code   RO            3  * RESET               startup.o
    0x00000284   0x00000284   0x00000000   Code   RO          833  * .ARM.Collect$$$$00000000  mc_w.l(entry.o)
    0x00000284   0x00000284   0x00000004   Code   RO         1096    .ARM.Collect$$$$00000001  mc_w.l(entry2.o)
    0x00000288   0x00000288   0x00000004   Code   RO         1099    .ARM.Collect$$$$00000004  mc_w.l(entry5.o)
    0x0000028c   0x0000028c   0x00000000   Code   RO         1101    .ARM.Collect$$$$00000008  mc_w.l(entry7b.o)
    0x0000028c   0x0000028c   0x00000000   Code   RO         1103    .ARM.Collect$$$$0000000A  mc_w.l(entry8b.o)
    0x0000028c   0x0000028c   0x00000008   Code   RO         1104    .ARM.Collect$$$$0000000B  mc_w.l(entry9a.o)
    0x00000294   0x00000294   0x00000000   Code   RO         1106    .ARM.Collect$$$$0000000D  mc_w.l(entry10a.o)
    0x00000294   0x00000294   0x00000000   Code   RO         1108    .ARM.Collect$$$$0000000F  mc_w.l(entry11a.o)
    0x00000294   0x00000294   0x00000004   Code   RO         1097    .ARM.Collect$$$$00002712  mc_w.l(entry2.o)
    0x00000298   0x00000298   0x00000024   Code   RO         1126    .text               mc_w.l(init.o)
    0x000002bc   0x000002bc   0x00000020   Code   RO           34    i.Delay1ms          st7735.o
    0x000002dc   0x000002dc   0x00000020   Code   RO          779    i.DelayWait10ms     lab1.o
    0x000002fc   0x000002fc   0x0000007c   Code   RO           12    i.PLL_Init          pll.o
    0x00000378   0x00000378   0x00000028   Code   RO          780    i.Pause             lab1.o
    0x000003a0   0x000003a0   0x00000084   Code   RO          781    i.PortF_Init        lab1.o
    0x00000424   0x00000424   0x00000018   Code   RO           40    i.ST7735_Color565   st7735.o
    0x0000043c   0x0000043c   0x000000f8   Code   RO           43    i.ST7735_DrawCharS  st7735.o
    0x00000534   0x00000534   0x0000004c   Code   RO           47    i.ST7735_DrawPixel  st7735.o
    0x00000580   0x00000580   0x00000054   Code   RO           49    i.ST7735_DrawString  st7735.o
    0x000005d4   0x000005d4   0x000000b0   Code   RO           50    i.ST7735_FillRect   st7735.o
    0x00000684   0x00000684   0x00000024   Code   RO           51    i.ST7735_FillScreen  st7735.o
    0x000006a8   0x000006a8   0x0000007c   Code   RO           53    i.ST7735_InitR      st7735.o
    0x00000724   0x00000724   0x000000d4   Code   RO           56    i.ST7735_OutChar    st7735.o
    0x000007f8   0x000007f8   0x00000016   Code   RO           57    i.ST7735_OutString  st7735.o
    0x0000080e   0x0000080e   0x00000002   PAD
    0x00000810   0x00000810   0x0000008c   Code   RO           58    i.ST7735_OutUDec    st7735.o
    0x0000089c   0x0000089c   0x00000020   Code   RO           69    i.ST7735_SetCursor  st7735.o
    0x000008bc   0x000008bc   0x000000a8   Code   RO           74    i.ST7735_XYplot     st7735.o
    0x00000964   0x00000964   0x0000005c   Code   RO           75    i.ST7735_XYplotInit  st7735.o
    0x000009c0   0x000009c0   0x00000130   Code   RO           76    i.ST7735_sDecOut2   st7735.o
    0x00000af0   0x00000af0   0x000000e4   Code   RO           77    i.ST7735_uBinOut6   st7735.o
    0x00000bd4   0x00000bd4   0x00000010   Code   RO          837    i.__0printf$bare    mc_w.l(printfb.o)
    0x00000be4   0x00000be4   0x0000000e   Code   RO         1138    i.__scatterload_copy  mc_w.l(handlers.o)
    0x00000bf2   0x00000bf2   0x00000002   Code   RO         1139    i.__scatterload_null  mc_w.l(handlers.o)
    0x00000bf4   0x00000bf4   0x0000000e   Code   RO         1140    i.__scatterload_zeroinit  mc_w.l(handlers.o)
    0x00000c02   0x00000c02   0x00000022   Code   RO          844    i._printf_core      mc_w.l(printfb.o)
    0x00000c24   0x00000c24   0x00000056   Code   RO           78    i.commandList       st7735.o
    0x00000c7a   0x00000c7a   0x00000002   PAD
    0x00000c7c   0x00000c7c   0x00000188   Code   RO           79    i.commonInit        st7735.o
    0x00000e04   0x00000e04   0x0000001c   Code   RO           80    i.deselect          st7735.o
    0x00000e20   0x00000e20   0x00000048   Code   RO           83    i.fillmessage       st7735.o
    0x00000e68   0x00000e68   0x00000010   Code   RO           86    i.fputc             st7735.o
    0x00000e78   0x00000e78   0x00000154   Code   RO          782    i.main              lab1.o
    0x00000fcc   0x00000fcc   0x00000012   Code   RO           89    i.pushColor         st7735.o
    0x00000fde   0x00000fde   0x00000002   PAD
    0x00000fe0   0x00000fe0   0x00000074   Code   RO           90    i.setAddrWindow     st7735.o
    0x00001054   0x00001054   0x00000038   Code   RO           91    i.writecommand      st7735.o
    0x0000108c   0x0000108c   0x00000024   Code   RO           92    i.writedata         st7735.o
    0x000010b0   0x000010b0   0x00000842   Data   RO           94    .constdata          st7735.o
    0x000018f2   0x000018f2   0x00000002   PAD
    0x000018f4   0x000018f4   0x000008e0   Data   RO          785    .constdata          lab1.o
    0x000021d4   0x000021d4   0x00000020   Data   RO         1136    Region$$Table       anon$$obj.o


    Execution Region ER_RW (Exec base: 0x20000000, Load base: 0x000021f4, Size: 0x00000040, Max: 0xffffffff, ABSOLUTE)

    Exec Addr    Load Addr    Size         Type   Attr      Idx    E Section Name        Object

    0x20000000   0x000021f4   0x0000003c   Data   RW           95    .data               st7735.o
    0x2000003c   0x00002230   0x00000004   Data   RW         1110    .data               mc_w.l(stdout.o)


    Execution Region ER_ZI (Exec base: 0x20000040, Load base: 0x00002234, Size: 0x00000410, Max: 0xffffffff, ABSOLUTE)

    Exec Addr    Load Addr    Size         Type   Attr      Idx    E Section Name        Object

    0x20000040        -       0x0000000c   Zero   RW           93    .bss                st7735.o
    0x2000004c   0x00002234   0x00000004   PAD
    0x20000050        -       0x00000400   Zero   RW            1    STACK               startup.o


==============================================================================

Image component sizes


      Code (inc. data)   RO Data    RW Data    ZI Data      Debug   Object Name

       544        126       2272          0          0       2962   lab1.o
       124          4          0          0          0       4967   pll.o
      2818        360       2114         60         12      20214   st7735.o
       644        620          0          0       1024        732   startup.o

    ----------------------------------------------------------------------
      4136       1110       4420         60       1040      28875   Object Totals
         0          0         32          0          0          0   (incl. Generated)
         6          0          2          0          4          0   (incl. Padding)

    ----------------------------------------------------------------------

      Code (inc. data)   RO Data    RW Data    ZI Data      Debug   Library Member Name

         0          0          0          0          0          0   entry.o
         0          0          0          0          0          0   entry10a.o
         0          0          0          0          0          0   entry11a.o
         8          4          0          0          0          0   entry2.o
         4          0          0          0          0          0   entry5.o
         0          0          0          0          0          0   entry7b.o
         0          0          0          0          0          0   entry8b.o
         8          4          0          0          0          0   entry9a.o
        30          0          0          0          0          0   handlers.o
        36          8          0          0          0         68   init.o
        50          8          0          0          0        152   printfb.o
         0          0          0          4          0          0   stdout.o

    ----------------------------------------------------------------------
       136         24          0          4          0        220   Library Totals
         0          0          0          0          0          0   (incl. Padding)

    ----------------------------------------------------------------------

      Code (inc. data)   RO Data    RW Data    ZI Data      Debug   Library Name

       136         24          0          4          0        220   mc_w.l

    ----------------------------------------------------------------------
       136         24          0          4          0        220   Library Totals

    ----------------------------------------------------------------------

==============================================================================


      Code (inc. data)   RO Data    RW Data    ZI Data      Debug   

      4272       1134       4420         64       1040      27791   Grand Totals
      4272       1134       4420         64       1040      27791   ELF Image Totals
      4272       1134       4420         64          0          0   ROM Totals

==============================================================================

    Total RO  Size (Code + RO Data)                 8692 (   8.49kB)
    Total RW  Size (RW Data + ZI Data)              1104 (   1.08kB)
    Total ROM Size (Code + RO Data + RW Data)       8756 (   8.55kB)

==============================================================================

